Min Energies: 0.000000 0.000000 -0.219368 0.000000 0.000000
Min Energies: 0.775112 0.000018 nan 0.000000 0.000000
Min Energies: 0.193130 0.000005 nan 0.000000 0.000000
Min Energies: 0.012039 0.000000 -0.206102 0.000000 0.000000
Min Energies: 0.000120 0.000000 -0.219892 0.000000 0.000000
Min Energies: 0.000032 0.000000 -0.219643 0.000000 0.000000
Min Energies: 0.000032 0.000000 -0.219643 0.000000 0.000000
Min Energies: 4.502078 0.005162 198060345813242868053045320152514560.000000 0.000000 0.000000
Min Energies: 0.043581 0.000011 nan 0.000000 0.000000
Min Energies: 0.000426 0.000000 -0.220880 0.000000 0.000000
Min Energies: 0.000032 0.000000 -0.219782 0.000000 0.000000
Min Energies: 0.000032 0.000000 -0.219657 0.000000 0.000000
Min Energies: 0.000032 0.000000 -0.219645 0.000000 0.000000
Min Energies: 0.000032 0.000000 -0.219645 0.000000 0.000000
Min Energies: 19606.000816 0.105954 18953474423668346746041416683858300571754902256091136.000000 0.000000 0.000000
Min Energies: 83.170808 0.327754 97006302283605939164860870960030416896.000000 0.000000 0.000000
Min Energies: 0.671326 0.000145 nan 0.000000 0.000000
Min Energies: 0.006505 0.000002 -0.195761 0.000000 0.000000
Min Energies: 0.000081 0.000000 -0.220166 0.000000 0.000000
Min Energies: 0.000031 0.000000 -0.219699 0.000000 0.000000
Min Energies: 0.000032 0.000000 -0.219657 0.000000 0.000000
Min Energies: 0.000032 0.000000 -0.219657 0.000000 0.000000
Min Energies: 15743.404396 0.037182 nan 0.000000 0.000000
Min Energies: 3431.300049 0.064624 nan 0.000000 0.000000
Min Energies: 112.679262 0.154384 nan 0.000000 0.000000
Min Energies: 0.976219 0.000249 nan 0.000000 0.000000
Min Energies: 0.009933 0.000003 5.836150 0.000000 0.000000
Min Energies: 0.000185 0.000000 -0.220485 0.000000 0.000000
Min Energies: 0.000046 0.000000 -0.219811 0.000000 0.000000
Min Energies: 0.000046 0.000000 -0.219811 0.000000 0.000000
Min Energies: 17359.136565 0.075016 nan 0.000000 0.000000
Min Energies: 3770.334129 0.121442 nan 0.000000 0.000000
Min Energies: 124.796335 0.237157 nan 0.000000 0.000000
Min Energies: 1.357027 0.000369 347516015165254876830432642684798824873984.000000 0.000000 0.000000
Min Energies: 0.013501 0.000004 1.942731 0.000000 0.000000
Min Energies: 0.000194 0.000000 -0.220561 0.000000 0.000000
Min Energies: 0.000049 0.000000 -0.219891 0.000000 0.000000
Min Energies: 0.000047 0.000000 -0.219849 0.000000 0.000000
Min Energies: 0.000047 0.000000 -0.219849 0.000000 0.000000
Min Energies: 17831.137689 0.122358 209717092579481567100928.000000 0.000000 0.000000
Min Energies: 78.512219 0.291161 nan 0.000000 0.000000
Min Energies: 0.823528 0.000222 nan 0.000000 0.000000
Min Energies: 0.008148 0.000003 -0.208621 0.000000 0.000000
Min Energies: 0.000117 0.000000 -0.220299 0.000000 0.000000
Min Energies: 0.000117 0.000000 -0.220299 0.000000 0.000000
Min Energies: 15401.641236 0.036977 2005936601234198.750000 0.000000 0.000000
Min Energies: 59.403045 0.177806 nan 0.000000 0.000000
Min Energies: 0.384723 0.000117 nan 0.000000 0.000000
Min Energies: 0.004988 0.000002 -0.137599 0.000000 0.000000
Min Energies: 0.000278 0.000000 -0.220768 0.000000 0.000000
Min Energies: 0.000278 0.000000 -0.220768 0.000000 0.000000
Min Energies: 9328.392793 0.019618 1047204956647299363751927121910573189084217344.000000 0.000000 0.000000
Min Energies: 51.886289 0.007926 nan 0.000000 0.000000
Min Energies: 0.449774 0.000081 nan 0.000000 0.000000
Min Energies: 0.005897 0.000002 -0.169396 0.000000 0.000000
Min Energies: 0.000454 0.000000 -0.221080 0.000000 0.000000
Min Energies: 0.000454 0.000000 -0.221080 0.000000 0.000000
Min Energies: 2.758428 0.004386 130463315561838859517952.000000 0.000000 0.000000
Min Energies: 0.025658 0.000075 -0.213925 0.000000 0.000000
Min Energies: 0.000401 0.000002 -0.221898 0.000000 0.000000
Min Energies: 0.000401 0.000002 -0.221898 0.000000 0.000000
Min Energies: 6.677440 0.021761 nan 0.000000 0.000000
Min Energies: 0.860451 0.007445 nan 0.000000 0.000000
Min Energies: 0.032687 0.000914 -0.215130 0.000000 0.000000
Min Energies: 0.001116 0.000020 -0.225005 0.000000 0.000000
Min Energies: 0.001116 0.000020 -0.225005 0.000000 0.000000
Min Energies: 3826.196195 0.075593 -nan 0.000000 0.000000
Min Energies: 812.342910 0.106633 nan 0.000000 0.000000
Min Energies: 33.861446 0.028528 nan 0.000000 0.000000
Min Energies: 0.276401 0.001145 -0.253653 0.000000 0.000000
Min Energies: 0.003300 0.000061 -0.228156 0.000000 0.000000
Min Energies: 0.001128 0.000023 -0.225322 0.000000 0.000000
Min Energies: 0.001115 0.000021 -0.225131 0.000000 0.000000
Min Energies: 0.001115 0.000021 -0.225131 0.000000 0.000000
Min Energies: 19901.702921 0.072627 nan 0.000000 0.000000
Min Energies: 4394.993105 0.093765 -nan 0.000000 0.000000
Min Energies: 177.793394 0.179864 nan 0.000000 0.000000
Min Energies: 1.034842 0.003612 5907986758210048777033020338335016080637952.000000 0.000000 0.000000
Min Energies: 0.007757 0.000143 -0.231840 0.000000 0.000000
Min Energies: 0.001208 0.000029 -0.225836 0.000000 0.000000
Min Energies: 0.001142 0.000024 -0.225445 0.000000 0.000000
Min Energies: 0.001142 0.000024 -0.225445 0.000000 0.000000
Min Energies: 22763.828670 0.042054 nan 0.000000 0.000000
Min Energies: 5087.420190 0.065609 nan 0.000000 0.000000
Min Energies: 214.998135 0.176444 nan 0.000000 0.000000
Min Energies: 1.448592 0.003366 nan 0.000000 0.000000
Min Energies: 0.011480 0.000149 -0.232594 0.000000 0.000000
Min Energies: 0.001337 0.000032 -0.226188 0.000000 0.000000
Min Energies: 0.001337 0.000032 -0.226188 0.000000 0.000000
Min Energies: 2454.553717 0.466350 nan 0.000000 0.000000
Min Energies: 464.281613 0.138708 nan 0.000000 0.000000
Min Energies: 12.458492 0.015701 -nan 0.000000 0.000000
Min Energies: 0.056845 0.001063 0.382353 0.000000 0.000000
Min Energies: 0.002337 0.000075 -0.229491 0.000000 0.000000
Min Energies: 0.001560 0.000043 -0.227133 0.000000 0.000000
Min Energies: 0.001560 0.000043 -0.227133 0.000000 0.000000
Min Energies: 3205.597265 0.883901 nan 0.000000 0.000000
Min Energies: 545.923330 4.428351 nan 0.000000 0.000000
Min Energies: 11.615649 0.023635 nan 0.000000 0.000000
Min Energies: 0.043874 0.001316 347.606293 0.000000 0.000000
Min Energies: 0.002463 0.000096 -0.230985 0.000000 0.000000
Min Energies: 0.002463 0.000096 -0.230985 0.000000 0.000000
Min Energies: 12344.145216 0.088344 nan 0.000000 0.000000
Min Energies: 2382.220861 1.094851 nan 0.000000 0.000000
Min Energies: 54.761425 0.096835 nan 0.000000 0.000000
Min Energies: 0.156031 0.003349 763808654809573252880103676206296881423526414107279360000.000000 0.000000 0.000000
Min Energies: 0.005357 0.000238 -0.238279 0.000000 0.000000
Min Energies: 0.002799 0.000116 -0.232171 0.000000 0.000000
Min Energies: 0.002799 0.000116 -0.232171 0.000000 0.000000
Min Energies: 10867.068971 0.118136 2565483909182712977892453961544958797165836380032366280704.000000 0.000000 0.000000
Min Energies: 27.480552 0.041354 nan 0.000000 0.000000
Min Energies: 0.056772 0.001759 8688936605537826591609978880.000000 0.000000 0.000000
Min Energies: 0.004441 0.000202 -0.236688 0.000000 0.000000
Min Energies: 0.003429 0.000150 -0.234082 0.000000 0.000000
Min Energies: 0.003429 0.000150 -0.234082 0.000000 0.000000
Min Energies: 3846.127819 78.621812 11386924120785381908507787264.000000 0.000000 0.000000
Min Energies: 9.050075 0.020724 nan 0.000000 0.000000
Min Energies: 0.027039 0.001153 0.817383 0.000000 0.000000
Min Energies: 0.004462 0.000211 -0.236979 0.000000 0.000000
Min Energies: 0.004462 0.000211 -0.236979 0.000000 0.000000
Min Energies: 9944.223819 0.800050 -1.228385 0.000000 0.000000
Min Energies: 29.687153 0.037484 nan 0.000000 0.000000
Min Energies: 0.063820 0.002071 -nan 0.000000 0.000000
Min Energies: 0.006327 0.000322 -0.241505 0.000000 0.000000
Min Energies: 0.006327 0.000322 -0.241505 0.000000 0.000000
Min Energies: 84.269705 0.053661 nan 0.000000 0.000000
Min Energies: 11.816401 0.025348 nan 0.000000 0.000000
Min Energies: 0.227636 0.004631 nan 0.000000 0.000000
Min Energies: 0.010629 0.000610 -0.250270 0.000000 0.000000
Min Energies: 0.010629 0.000610 -0.250270 0.000000 0.000000
Min Energies: 2.339193 0.007715 nan 0.000000 0.000000
Min Energies: 0.563173 0.003206 7474649968252491763648439674417383997440.000000 0.000000 0.000000
Min Energies: 0.012318 0.000771 -0.246305 0.000000 0.000000
Min Energies: 0.010091 0.000636 -0.250557 0.000000 0.000000
Min Energies: 0.010091 0.000636 -0.250557 0.000000 0.000000
Min Energies: 0.521072 0.003238 nan 0.000000 0.000000
Min Energies: 0.143227 0.001456 -0.234621 0.000000 0.000000
Min Energies: 0.011754 0.000682 -0.253824 0.000000 0.000000
Min Energies: 0.011754 0.000682 -0.253824 0.000000 0.000000
Min Energies: 14066.646430 1.157267 nan 0.000000 0.000000
Min Energies: 2687.254031 92.797367 nan 0.000000 0.000000
Min Energies: 47.172751 6.239448 nan 0.000000 0.000000
Min Energies: 0.592065 0.001663 -0.271931 0.000000 0.000000
Min Energies: 0.015644 0.000679 -0.256748 0.000000 0.000000
Min Energies: 0.011564 0.000680 -0.254193 0.000000 0.000000
Min Energies: 0.011730 0.000682 -0.253862 0.000000 0.000000
Min Energies: 0.011730 0.000682 -0.253862 0.000000 0.000000
Min Energies: 50.215848 3.829103 nan 0.000000 0.000000
Min Energies: 5.988862 0.129571 -nan 0.000000 0.000000
Min Energies: 0.466004 0.001798 -0.277915 0.000000 0.000000
Min Energies: 0.013969 0.000690 -0.257332 0.000000 0.000000
Min Energies: 0.011481 0.000681 -0.254265 0.000000 0.000000
Min Energies: 0.011694 0.000682 -0.253912 0.000000 0.000000
Min Energies: 0.011694 0.000682 -0.253912 0.000000 0.000000
Min Energies: 2.581405 0.027026 nan 0.000000 0.000000
Min Energies: 0.405168 0.005734 112939478272758058736196401769191656230997570093056.000000 0.000000 0.000000
Min Energies: 0.013711 0.000896 -0.256209 0.000000 0.000000
Min Energies: 0.012087 0.000782 -0.256883 0.000000 0.000000
Min Energies: 0.012087 0.000782 -0.256883 0.000000 0.000000
Min Energies: 1.615850 0.021276 365239757482401534646840580546287504496209049209825918976.000000 0.000000 0.000000
Min Energies: 0.018518 0.000781 -0.262599 0.000000 0.000000
Min Energies: 0.011123 0.000775 -0.257511 0.000000 0.000000
Min Energies: 0.011123 0.000775 -0.257511 0.000000 0.000000
Min Energies: 4037.761755 2.136668 -nan 0.000000 0.000000
Min Energies: 612.725354 0.755323 nan 0.000000 0.000000
Min Energies: 7.977960 0.191568 nan 0.000000 0.000000
Min Energies: 0.154312 0.001330 -0.267314 0.000000 0.000000
Min Energies: 0.012588 0.000786 -0.258674 0.000000 0.000000
Min Energies: 0.011135 0.000776 -0.257628 0.000000 0.000000
Min Energies: 0.011123 0.000775 -0.257523 0.000000 0.000000
Min Energies: 0.011123 0.000775 -0.257523 0.000000 0.000000
Min Energies: 0.038392 0.000849 -0.260072 0.000000 0.000000
Min Energies: 0.009380 0.000758 -0.258027 0.000000 0.000000
Min Energies: 0.010810 0.000773 -0.257601 0.000000 0.000000
Min Energies: 0.010810 0.000773 -0.257601 0.000000 0.000000
Min Energies: 0.987811 0.022095 2.504976 0.000000 0.000000
Min Energies: 0.009921 0.000800 -0.261536 0.000000 0.000000
Min Energies: 0.008374 0.000767 -0.258699 0.000000 0.000000
Min Energies: 0.008374 0.000767 -0.258699 0.000000 0.000000
Min Energies: 0.608350 0.012564 -0.256551 0.000000 0.000000
Min Energies: 0.009696 0.000792 -0.262302 0.000000 0.000000
Min Energies: 0.007602 0.000766 -0.259351 0.000000 0.000000
Min Energies: 0.007602 0.000766 -0.259351 0.000000 0.000000
Min Energies: 0.019842 0.001233 -0.272143 0.000000 0.000000
Min Energies: 0.006495 0.000811 -0.263328 0.000000 0.000000
Min Energies: 0.006495 0.000811 -0.263328 0.000000 0.000000
Min Energies: 35.306287 0.155051 -nan 0.000000 0.000000
Min Energies: 3.057210 0.046273 nan 0.000000 0.000000
Min Energies: 0.113818 0.002990 4457105108212668416.000000 0.000000 0.000000
Min Energies: 0.005889 0.000877 -0.267471 0.000000 0.000000
Min Energies: 0.005889 0.000877 -0.267471 0.000000 0.000000
Min Energies: 0.035070 0.001976 -0.286269 0.000000 0.000000
Min Energies: 0.005258 0.000918 -0.269793 0.000000 0.000000
Min Energies: 0.005694 0.000884 -0.267950 0.000000 0.000000
Min Energies: 0.005694 0.000884 -0.267950 0.000000 0.000000
Min Energies: 0.027419 0.001142 -0.270061 0.000000 0.000000
Min Energies: 0.004513 0.000893 -0.268526 0.000000 0.000000
Min Energies: 0.004513 0.000893 -0.268526 0.000000 0.000000
Min Energies: 0.006926 0.000844 -0.278114 0.000000 0.000000
Min Energies: 0.003783 0.000860 -0.270299 0.000000 0.000000
Min Energies: 0.003783 0.000860 -0.270299 0.000000 0.000000
Min Energies: 69.108834 0.068391 2668743874401025785714707764270927613639723198513600790528.000000 0.000000 0.000000
Min Energies: 0.018367 0.001988 -0.310259 0.000000 0.000000
Min Energies: 0.002634 0.000805 -0.273254 0.000000 0.000000
Min Energies: 0.003467 0.000845 -0.270943 0.000000 0.000000
Min Energies: 0.003467 0.000845 -0.270943 0.000000 0.000000
Min Energies: 13118.014640 0.463191 nan 0.000000 0.000000
Min Energies: 2605.104224 0.219187 nan 0.000000 0.000000
Min Energies: 50.658734 0.068289 nan 0.000000 0.000000
Min Energies: 0.023890 0.002459 -0.315043 0.000000 0.000000
Min Energies: 0.002193 0.000786 -0.274562 0.000000 0.000000
Min Energies: 0.003297 0.000837 -0.271294 0.000000 0.000000
Min Energies: 0.003297 0.000837 -0.271294 0.000000 0.000000
Min Energies: 0.050337 0.002192 0.590897 0.000000 0.000000
Min Energies: 0.003342 0.000861 -0.274629 0.000000 0.000000
Min Energies: 0.003231 0.000845 -0.272778 0.000000 0.000000
Min Energies: 0.003231 0.000845 -0.272778 0.000000 0.000000
Min Energies: 2489.808805 0.050814 nan 0.000000 0.000000
Min Energies: 425.813031 0.062107 -0.435272 0.000000 0.000000
Min Energies: 0.324872 0.005821 2309863010436399044175831005669711567279625464709120.000000 0.000000 0.000000
Min Energies: 0.004707 0.000938 -0.279233 0.000000 0.000000
Min Energies: 0.003236 0.000851 -0.273467 0.000000 0.000000
Min Energies: 0.003236 0.000851 -0.273467 0.000000 0.000000
Min Energies: 3091.595399 0.045571 217414319187739328416288149615079111786496.000000 0.000000 0.000000
Min Energies: 3.758644 0.029841 -nan 0.000000 0.000000
Min Energies: 0.013235 0.001135 -0.275226 0.000000 0.000000
Min Energies: 0.003391 0.000864 -0.275030 0.000000 0.000000
Min Energies: 0.003259 0.000854 -0.273861 0.000000 0.000000
Min Energies: 0.003259 0.000854 -0.273861 0.000000 0.000000
Min Energies: 0.002479 0.000914 -0.277862 0.000000 0.000000
Min Energies: 0.002731 0.001067 -0.280968 0.000000 0.000000
Min Energies: 0.001483 0.000935 -0.278492 0.000000 0.000000
Min Energies: 0.001483 0.000935 -0.278492 0.000000 0.000000
Min Energies: 9.428682 0.028731 nan 0.000000 0.000000
Min Energies: 0.787446 0.015503 nan 0.000000 0.000000
Min Energies: 0.015140 0.003165 -0.200549 0.000000 0.000000
Min Energies: 0.001708 0.001066 -0.280845 0.000000 0.000000
Min Energies: 0.001708 0.001066 -0.280845 0.000000 0.000000
Min Energies: 0.174208 0.007869 5270006904.451929 0.000000 0.000000
Min Energies: 0.003200 0.001415 -0.285529 0.000000 0.000000
Min Energies: 0.002126 0.001207 -0.282954 0.000000 0.000000
Min Energies: 0.002126 0.001207 -0.282954 0.000000 0.000000
Min Energies: 0.004157 0.001664 -0.291922 0.000000 0.000000
Min Energies: 4.842883 0.012188 nan 0.000000 0.000000
Min Energies: 0.602768 0.006255 nan 0.000000 0.000000
Min Energies: 0.028072 0.002444 -0.294443 0.000000 0.000000
Min Energies: 0.005497 0.001735 -0.293574 0.000000 0.000000
Min Energies: 0.005497 0.001735 -0.293574 0.000000 0.000000
Min Energies: 15050.494588 1.459896 nan 0.000000 0.000000
Min Energies: 3145.959890 7.172828 nan 0.000000 0.000000
Min Energies: 85.738079 0.095690 nan 0.000000 0.000000
Min Energies: 0.217414 0.004396 514384.798525 0.000000 0.000000
Min Energies: 0.009810 0.001900 -0.296805 0.000000 0.000000
Min Energies: 0.006091 0.001760 -0.294147 0.000000 0.000000
Min Energies: 0.005712 0.001744 -0.293787 0.000000 0.000000
Min Energies: 0.005589 0.001739 -0.293667 0.000000 0.000000
Min Energies: 0.005539 0.001737 -0.293617 0.000000 0.000000
Min Energies: 0.005517 0.001736 -0.293594 0.000000 0.000000
Min Energies: 0.005506 0.001736 -0.293584 0.000000 0.000000
Min Energies: 0.005506 0.001736 -0.293584 0.000000 0.000000
Min Energies: 15117.213370 1.497619 nan 0.000000 0.000000
Min Energies: 3160.236305 6.969541 nan 0.000000 0.000000
Min Energies: 86.068465 0.097034 -nan 0.000000 0.000000
Min Energies: 0.218170 0.004397 886343.467419 0.000000 0.000000
Min Energies: 0.009836 0.001900 -0.296824 0.000000 0.000000
Min Energies: 0.006227 0.001766 -0.294272 0.000000 0.000000
Min Energies: 0.005771 0.001747 -0.293845 0.000000 0.000000
Min Energies: 0.005620 0.001740 -0.293697 0.000000 0.000000
Min Energies: 0.005558 0.001738 -0.293636 0.000000 0.000000
Min Energies: 0.005530 0.001737 -0.293608 0.000000 0.000000
Min Energies: 0.005518 0.001736 -0.293595 0.000000 0.000000
Min Energies: 0.005518 0.001736 -0.293595 0.000000 0.000000
Min Energies: 9958.558187 2.392257 -nan 0.000000 0.000000
Min Energies: 2024.935025 0.373566 nan 0.000000 0.000000
Min Energies: 51.526864 0.034222 nan 0.000000 0.000000
Min Energies: 0.023331 0.002314 -0.146332 0.000000 0.000000
Min Energies: 0.004219 0.001593 -0.294335 0.000000 0.000000
Min Energies: 0.004219 0.001593 -0.294335 0.000000 0.000000
Min Energies: 0.014886 0.001708 -0.023107 0.000000 0.000000
Min Energies: 0.004161 0.001507 -0.295495 0.000000 0.000000
Min Energies: 0.004161 0.001507 -0.295495 0.000000 0.000000
Min Energies: 0.005382 0.001326 -0.298082 0.000000 0.000000
Min Energies: 0.004735 0.001189 -0.299845 0.000000 0.000000
Min Energies: 0.005690 0.001424 -0.305888 0.000000 0.000000
Min Energies: 0.026755 0.002898 20024705.363740 0.000000 0.000000
Min Energies: 0.006088 0.001524 -0.308647 0.000000 0.000000
Min Energies: 0.006088 0.001524 -0.308647 0.000000 0.000000
Min Energies: 0.020225 0.002504 3.025663 0.000000 0.000000
Min Energies: 0.006089 0.001597 -0.309969 0.000000 0.000000
Min Energies: 0.006089 0.001597 -0.309969 0.000000 0.000000
Min Energies: 0.068654 0.003554 nan 0.000000 0.000000
Min Energies: 0.017967 0.002226 817.323916 0.000000 0.000000
Min Energies: 0.005571 0.001625 -0.310170 0.000000 0.000000
Min Energies: 0.005571 0.001625 -0.310170 0.000000 0.000000
Min Energies: 0.001803 0.001667 -0.311135 0.000000 0.000000
Min Energies: 0.002629 0.001599 -0.310573 0.000000 0.000000
Min Energies: 0.002629 0.001599 -0.310573 0.000000 0.000000
Min Energies: 0.013569 0.003474 -0.313867 0.000000 0.000000
Min Energies: 0.001200 0.001589 -0.310806 0.000000 0.000000
Min Energies: 0.001200 0.001589 -0.310806 0.000000 0.000000
Min Energies: 0.001071 0.001668 -0.312598 0.000000 0.000000
Min Energies: 0.081053 0.009386 2.833815 0.000000 0.000000
Min Energies: 0.000730 0.001925 -0.315549 0.000000 0.000000
Min Energies: 0.000730 0.001925 -0.315549 0.000000 0.000000
Min Energies: 0.029362 0.006151 -0.328790 0.000000 0.000000
Min Energies: 0.000948 0.002151 -0.317317 0.000000 0.000000
Min Energies: 0.000948 0.002151 -0.317317 0.000000 0.000000
Min Energies: 0.146070 0.010907 -0.326191 0.000000 0.000000
Min Energies: 0.002118 0.002616 -0.320174 0.000000 0.000000
Min Energies: 0.002118 0.002616 -0.320174 0.000000 0.000000
Min Energies: 0.080616 0.009307 -0.342325 0.000000 0.000000
Min Energies: 0.003479 0.003000 -0.322265 0.000000 0.000000
Min Energies: 0.002325 0.002681 -0.320556 0.000000 0.000000
Min Energies: 0.002325 0.002681 -0.320556 0.000000 0.000000
Min Energies: 0.001117 0.002864 -0.322480 0.000000 0.000000
Min Energies: 0.000395 0.002772 -0.321602 0.000000 0.000000
Min Energies: 0.000395 0.002772 -0.321602 0.000000 0.000000
Min Energies: 0.001512 0.003254 -0.323844 0.000000 0.000000
Min Energies: 0.002343 0.004458 -0.328556 0.000000 0.000000
Min Energies: 0.001521 0.003360 -0.324298 0.000000 0.000000
Min Energies: 0.001521 0.003360 -0.324298 0.000000 0.000000
Min Energies: 31.323972 0.098457 nan 0.000000 0.000000
Min Energies: 2.866406 0.056286 -nan 0.000000 0.000000
Min Energies: 0.029268 0.010640 -0.333881 0.000000 0.000000
Min Energies: 0.001556 0.003860 -0.326085 0.000000 0.000000
Min Energies: 0.001490 0.003463 -0.324684 0.000000 0.000000
Min Energies: 0.001490 0.003463 -0.324684 0.000000 0.000000
Min Energies: 0.007484 0.006460 -0.336264 0.000000 0.000000
Min Energies: 0.001450 0.003703 -0.325762 0.000000 0.000000
Min Energies: 0.001450 0.003703 -0.325762 0.000000 0.000000
Min Energies: 0.022830 0.008085 -0.339408 0.000000 0.000000
Min Energies: 0.001501 0.004041 -0.327235 0.000000 0.000000
Min Energies: 0.001501 0.004041 -0.327235 0.000000 0.000000
Min Energies: 74.188509 0.107227 nan 0.000000 0.000000
Min Energies: 9.149279 0.061001 nan 0.000000 0.000000
Min Energies: 0.115516 0.013045 0.001567 0.000000 0.000000
Min Energies: 0.002088 0.004682 -0.329868 0.000000 0.000000
Min Energies: 0.001683 0.004319 -0.328396 0.000000 0.000000
Min Energies: 0.001683 0.004319 -0.328396 0.000000 0.000000
Min Energies: 0.025720 0.008554 -0.342912 0.000000 0.000000
Min Energies: 0.001871 0.004685 -0.329966 0.000000 0.000000
Min Energies: 0.001871 0.004685 -0.329966 0.000000 0.000000
Min Energies: 0.009473 0.006379 -0.337169 0.000000 0.000000
Min Energies: 0.002206 0.005232 -0.332589 0.000000 0.000000
Min Energies: 0.002206 0.005232 -0.332589 0.000000 0.000000
Min Energies: 0.013145 0.008248 -0.339716 0.000000 0.000000
Min Energies: 0.001840 0.005516 -0.334411 0.000000 0.000000
Min Energies: 0.001840 0.005516 -0.334411 0.000000 0.000000
Min Energies: 0.004833 0.006491 -0.338938 0.000000 0.000000
Min Energies: 0.002346 0.005874 -0.336102 0.000000 0.000000
Min Energies: 0.002346 0.005874 -0.336102 0.000000 0.000000
Min Energies: 4.384960 0.053562 nan 0.000000 0.000000
Min Energies: 0.431956 0.027574 631941518588207216363169434828800.000000 0.000000 0.000000
Min Energies: 0.004591 0.007434 -0.342078 0.000000 0.000000
Min Energies: 0.002634 0.006179 -0.337321 0.000000 0.000000
Min Energies: 0.002634 0.006179 -0.337321 0.000000 0.000000
Min Energies: 3.292422 0.052407 -nan 0.000000 0.000000
Min Energies: 0.316199 0.026815 30164645605701168845576166720203228553087549440.000000 0.000000 0.000000
Min Energies: 0.004292 0.007706 -0.343020 0.000000 0.000000
Min Energies: 0.002725 0.006325 -0.337889 0.000000 0.000000
Min Energies: 0.002725 0.006325 -0.337889 0.000000 0.000000
Min Energies: 0.022244 0.009810 -0.345960 0.000000 0.000000
Min Energies: 0.003528 0.006655 -0.339266 0.000000 0.000000
Min Energies: 0.003528 0.006655 -0.339266 0.000000 0.000000
Min Energies: 0.050376 0.014295 -0.316288 0.000000 0.000000
Min Energies: 0.004540 0.007358 -0.342075 0.000000 0.000000
Min Energies: 0.003674 0.006781 -0.339778 0.000000 0.000000
Min Energies: 0.003674 0.006781 -0.339778 0.000000 0.000000
Min Energies: 0.003808 0.008321 -0.344628 0.000000 0.000000
Min Energies: 0.003635 0.006929 -0.340298 0.000000 0.000000
Min Energies: 0.003635 0.006929 -0.340298 0.000000 0.000000
Min Energies: 14.883580 0.066941 nan 0.000000 0.000000
Min Energies: 1.370275 0.036509 nan 0.000000 0.000000
Min Energies: 0.020012 0.013674 -0.323811 0.000000 0.000000
Min Energies: 0.003823 0.007532 -0.342559 0.000000 0.000000
Min Energies: 0.003644 0.006988 -0.340526 0.000000 0.000000
Min Energies: 0.003644 0.006988 -0.340526 0.000000 0.000000
Min Energies: 0.030013 0.016272 -0.252088 0.000000 0.000000
Min Energies: 0.003322 0.007822 -0.343835 0.000000 0.000000
Min Energies: 0.003592 0.007070 -0.340857 0.000000 0.000000
Min Energies: 0.003592 0.007070 -0.340857 0.000000 0.000000
Min Energies: 0.393264 0.031016 2129420913235582500421049644824119857637228544.000000 0.000000 0.000000
Min Energies: 0.003171 0.009029 -0.347870 0.000000 0.000000
Min Energies: 0.003449 0.007257 -0.341591 0.000000 0.000000
Min Energies: 0.003449 0.007257 -0.341591 0.000000 0.000000
Min Energies: 0.013487 0.014389 -0.206287 0.000000 0.000000
Min Energies: 0.003410 0.007900 -0.344019 0.000000 0.000000
Min Energies: 0.003416 0.007511 -0.342572 0.000000 0.000000
Min Energies: 0.003429 0.007384 -0.342085 0.000000 0.000000
Min Energies: 0.003429 0.007384 -0.342085 0.000000 0.000000
Min Energies: 0.002225 0.009532 -0.349424 0.000000 0.000000
Min Energies: 0.004494 0.011023 -0.358221 0.000000 0.000000
Min Energies: 0.148964 0.021199 26070385189884747732484096.000000 0.000000 0.000000
Min Energies: 0.005999 0.012012 -0.361789 0.000000 0.000000
Min Energies: 0.004862 0.011354 -0.359638 0.000000 0.000000
Min Energies: 0.004862 0.011354 -0.359638 0.000000 0.000000
Min Energies: 3.304589 0.045996 -nan 0.000000 0.000000
Min Energies: 0.414436 0.027476 nan 0.000000 0.000000
Min Energies: 0.019515 0.015218 0.002826 0.000000 0.000000
Min Energies: 0.005471 0.011734 -0.360972 0.000000 0.000000
Min Energies: 0.005471 0.011734 -0.360972 0.000000 0.000000
Min Energies: 0.013871 0.014551 -0.374497 0.000000 0.000000
Min Energies: 0.006159 0.012182 -0.363571 0.000000 0.000000
Min Energies: 0.006159 0.012182 -0.363571 0.000000 0.000000
Min Energies: 0.022678 0.014697 -0.375518 0.000000 0.000000
Min Energies: 0.006079 0.012484 -0.366100 0.000000 0.000000
Min Energies: 0.006079 0.012484 -0.366100 0.000000 0.000000
Min Energies: 0.004851 0.013343 -0.369979 0.000000 0.000000
Min Energies: 0.004870 0.012896 -0.368304 0.000000 0.000000
Min Energies: 0.004870 0.012896 -0.368304 0.000000 0.000000
Min Energies: 43.035444 0.119038 -nan 0.000000 0.000000
Min Energies: 5.679023 0.052428 nan 0.000000 0.000000
Min Energies: 0.121582 0.021947 nan 0.000000 0.000000
Min Energies: 0.005947 0.014006 -0.373354 0.000000 0.000000
Min Energies: 0.004879 0.013006 -0.368858 0.000000 0.000000
Min Energies: 0.004879 0.013006 -0.368858 0.000000 0.000000
Min Energies: 0.978846 0.032036 -nan 0.000000 0.000000
Min Energies: 0.179691 0.021800 nan 0.000000 0.000000
Min Energies: 0.011738 0.015063 -0.370864 0.000000 0.000000
Min Energies: 0.004746 0.013207 -0.369837 0.000000 0.000000
Min Energies: 0.004844 0.013041 -0.369030 0.000000 0.000000
Min Energies: 0.004844 0.013041 -0.369030 0.000000 0.000000
Min Energies: 0.006202 0.015356 -0.379125 0.000000 0.000000
Min Energies: 0.004193 0.013616 -0.371878 0.000000 0.000000
Min Energies: 0.004193 0.013616 -0.371878 0.000000 0.000000
Min Energies: 0.024569 0.018949 24.847055 0.000000 0.000000
Min Energies: 0.004846 0.014140 -0.374269 0.000000 0.000000
Min Energies: 0.004846 0.014140 -0.374269 0.000000 0.000000
Min Energies: 0.076795 0.022097 1167101848752076531550181712374724729338068992.000000 0.000000 0.000000
Min Energies: 0.005602 0.014923 -0.377055 0.000000 0.000000
Min Energies: 0.005602 0.014923 -0.377055 0.000000 0.000000
Min Energies: 0.003214 0.015322 -0.378232 0.000000 0.000000
Min Energies: 0.002293 0.016412 -0.380235 0.000000 0.000000
Min Energies: 0.001076 0.016380 -0.380715 0.000000 0.000000
Min Energies: 0.001764 0.016289 -0.380655 0.000000 0.000000
Min Energies: 0.000958 0.016371 -0.380770 0.000000 0.000000
Min Energies: 0.000958 0.016371 -0.380770 0.000000 0.000000
Min Energies: 0.005814 0.016073 -0.380110 0.000000 0.000000
Min Energies: 0.000715 0.016331 -0.380814 0.000000 0.000000
Min Energies: 0.000926 0.016367 -0.380776 0.000000 0.000000
Min Energies: 0.000955 0.016370 -0.380770 0.000000 0.000000
Min Energies: 0.000958 0.016371 -0.380770 0.000000 0.000000
Min Energies: 0.000958 0.016371 -0.380770 0.000000 0.000000
Min Energies: 0.753600 0.020219 -0.373982 0.000000 0.000000
Min Energies: 0.002576 0.016238 -0.380794 0.000000 0.000000
Min Energies: 0.000750 0.016352 -0.380838 0.000000 0.000000
Min Energies: 0.000927 0.016368 -0.380779 0.000000 0.000000
Min Energies: 0.000954 0.016370 -0.380771 0.000000 0.000000
Min Energies: 0.000957 0.016371 -0.380770 0.000000 0.000000
Min Energies: 0.000958 0.016371 -0.380770 0.000000 0.000000
Min Energies: 0.000958 0.016371 -0.380770 0.000000 0.000000
Min Energies: 0.000958 0.016371 -0.380770 0.000000 0.000000
found minimum at -0.3637683223
Integration time(s) = 0.000000
Min Energies: 0.000715 0.016331 -0.380814 0.000000 0.000000
Min Energies: 10.211988 0.022135 -nan 0.000000 0.000000
Min Energies: 2.560200 0.016077 5558977621724526733365326620231510775058923520.000000 0.000000 0.000000
Min Energies: 0.021681 0.016134 -0.382720 0.000000 0.000000
Min Energies: 0.000450 0.016310 -0.381421 0.000000 0.000000
Min Energies: 0.000665 0.016329 -0.380876 0.000000 0.000000
Min Energies: 0.000706 0.016331 -0.380824 0.000000 0.000000
Min Energies: 0.000706 0.016331 -0.380824 0.000000 0.000000
Min Energies: 0.644627 0.017126 nan 0.000000 0.000000
Min Energies: 0.157520 0.015876 6.242399 0.000000 0.000000
Min Energies: 0.001116 0.016198 -0.382907 0.000000 0.000000
Min Energies: 0.000592 0.016317 -0.381059 0.000000 0.000000
Min Energies: 0.000693 0.016329 -0.380848 0.000000 0.000000
Min Energies: 0.000705 0.016331 -0.380827 0.000000 0.000000
Min Energies: 0.000706 0.016331 -0.380825 0.000000 0.000000
Min Energies: 0.000706 0.016331 -0.380825 0.000000 0.000000
found minimum at -0.3638825733
1 0.000768 0.016311 -0.380883 0.000000 0.000000
2 0.001010 0.016257 -0.380906 0.000000 0.000000
3 0.007146 0.016172 -0.380923 0.000000 0.000000
4 0.057520 0.016071 -0.380916 0.000000 0.000000
5 0.325886 0.015997 -0.380882 0.000000 0.000000
6 1.255790 0.016106 -0.380788 0.000000 0.000000
7 3.411015 0.016983 -0.379848 0.000000 0.000000
8 7.337350 0.021413 -0.352291 0.000000 0.000000
