Min Energies: 0.000000 0.000000 -0.369633 0.000000 0.000000
Min Energies: 3.422505 0.000035 -nan 0.000000 0.000000
Min Energies: 0.852395 0.000012 nan 0.000000 0.000000
Min Energies: 0.053101 0.000001 -0.343818 0.000000 0.000000
Min Energies: 0.000530 0.000000 -0.370705 0.000000 0.000000
Min Energies: 0.000530 0.000000 -0.370705 0.000000 0.000000
Min Energies: 10.345327 0.000080 -nan 0.000000 0.000000
Min Energies: 2.585544 0.000045 -nan 0.000000 0.000000
Min Energies: 0.161774 0.000005 970.680882 0.000000 0.000000
Min Energies: 0.002106 0.000000 -0.372188 0.000000 0.000000
Min Energies: 0.000867 0.000000 -0.371417 0.000000 0.000000
Min Energies: 0.000867 0.000000 -0.371417 0.000000 0.000000
Min Energies: 1.646976 0.001947 -nan 0.000000 0.000000
Min Energies: 0.418509 0.000581 nan 0.000000 0.000000
Min Energies: 0.033013 0.000045 28.897005 0.000000 0.000000
Min Energies: 0.001983 0.000001 -0.372519 0.000000 0.000000
Min Energies: 0.000958 0.000000 -0.371533 0.000000 0.000000
Min Energies: 0.000876 0.000000 -0.371428 0.000000 0.000000
Min Energies: 0.000870 0.000000 -0.371420 0.000000 0.000000
Min Energies: 0.000868 0.000000 -0.371419 0.000000 0.000000
Min Energies: 0.000868 0.000000 -0.371419 0.000000 0.000000
found minimum at -0.3705751799
Integration time(s) = 0.000000
Min Energies: 0.000958 0.000000 -0.371533 0.000000 0.000000
Min Energies: 0.831808 0.000023 nan 0.000000 0.000000
Min Energies: 0.214334 0.000007 -nan 0.000000 0.000000
Min Energies: 0.016710 0.000001 -0.372024 0.000000 0.000000
Min Energies: 0.001410 0.000000 -0.371984 0.000000 0.000000
Min Energies: 0.001151 0.000000 -0.371759 0.000000 0.000000
Min Energies: 0.001151 0.000000 -0.371759 0.000000 0.000000
Min Energies: 1.576935 0.000130 6058676.791721 0.000000 0.000000
Min Energies: 0.021405 0.000003 2.629408 0.000000 0.000000
Min Energies: 0.001825 0.000000 -0.372581 0.000000 0.000000
Min Energies: 0.001825 0.000000 -0.372581 0.000000 0.000000
Min Energies: 0.068758 0.000318 -nan 0.000000 0.000000
Min Energies: 0.012483 0.000073 296697.003606 0.000000 0.000000
Min Energies: 0.000776 0.000001 -0.373019 0.000000 0.000000
Min Energies: 0.000776 0.000001 -0.373019 0.000000 0.000000
Min Energies: 0.015198 0.003437 -0.401701 0.000000 0.000000
Min Energies: 2.584731 0.031335 20727078926172337899836725755637661696.000000 0.000000 0.000000
Min Energies: 0.042461 0.005468 -0.384311 0.000000 0.000000
Min Energies: 0.016096 0.003622 -0.402794 0.000000 0.000000
Min Energies: 0.015602 0.003530 -0.402298 0.000000 0.000000
Min Energies: 0.015602 0.003530 -0.402298 0.000000 0.000000
Min Energies: 10.331974 0.052439 nan 0.000000 0.000000
Min Energies: 1.652285 0.028202 15339342691067105525059836915662682191678869772244835583574147072.000000 0.000000 0.000000
Min Energies: 0.031070 0.005403 -0.413560 0.000000 0.000000
Min Energies: 0.017993 0.003995 -0.405456 0.000000 0.000000
Min Energies: 0.017993 0.003995 -0.405456 0.000000 0.000000
Min Energies: 76.792431 0.104433 nan 0.000000 0.000000
Min Energies: 10.837980 0.054408 -nan 0.000000 0.000000
Min Energies: 0.278205 0.016508 -0.482896 0.000000 0.000000
Min Energies: 0.022928 0.004999 -0.412099 0.000000 0.000000
Min Energies: 0.022928 0.004999 -0.412099 0.000000 0.000000
Min Energies: 48.037938 0.083816 -nan 0.000000 0.000000
Min Energies: 7.997976 0.044265 nan 0.000000 0.000000
Min Energies: 0.350176 0.014779 -0.458449 0.000000 0.000000
Min Energies: 0.028822 0.005838 -0.417262 0.000000 0.000000
Min Energies: 0.023938 0.005206 -0.413418 0.000000 0.000000
Min Energies: 0.023417 0.005107 -0.412791 0.000000 0.000000
Min Energies: 0.023417 0.005107 -0.412791 0.000000 0.000000
Min Energies: 1.266464 0.021875 -nan 0.000000 0.000000
Min Energies: 0.287819 0.012937 0.295532 0.000000 0.000000
Min Energies: 0.026409 0.005777 -0.417795 0.000000 0.000000
Min Energies: 0.024411 0.005454 -0.415447 0.000000 0.000000
Min Energies: 0.024411 0.005454 -0.415447 0.000000 0.000000
Min Energies: 47.235560 0.061440 nan 0.000000 0.000000
Min Energies: 5.705610 0.038082 -nan 0.000000 0.000000
Min Energies: 0.131775 0.014861 -0.472783 0.000000 0.000000
Min Energies: 0.028118 0.007003 -0.426798 0.000000 0.000000
Min Energies: 0.028118 0.007003 -0.426798 0.000000 0.000000
Min Energies: 932.512234 0.245978 -nan 0.000000 0.000000
Min Energies: 147.034130 0.072646 -nan 0.000000 0.000000
Min Energies: 2.627452 0.030012 nan 0.000000 0.000000
Min Energies: 0.048386 0.010110 -0.451792 0.000000 0.000000
Min Energies: 0.034877 0.008647 -0.439940 0.000000 0.000000
Min Energies: 0.034877 0.008647 -0.439940 0.000000 0.000000
Min Energies: 825.481149 6.502605 nan 0.000000 0.000000
Min Energies: 127.857488 0.096435 nan 0.000000 0.000000
Min Energies: 2.498396 0.029486 nan 0.000000 0.000000
Min Energies: 0.063131 0.011366 -0.462908 0.000000 0.000000
Min Energies: 0.038705 0.009329 -0.445990 0.000000 0.000000
Min Energies: 0.038705 0.009329 -0.445990 0.000000 0.000000
Min Energies: 24394.397873 10.368038 nan 0.000000 0.000000
Min Energies: 5024.530104 4.734145 -nan 0.000000 0.000000
Min Energies: 145.450831 0.090608 -nan 0.000000 0.000000
Min Energies: 0.499630 0.020775 nan 0.000000 0.000000
Min Energies: 0.048328 0.010483 -0.456239 0.000000 0.000000
Min Energies: 0.041347 0.009703 -0.449301 0.000000 0.000000
Min Energies: 0.040013 0.009522 -0.447696 0.000000 0.000000
Min Energies: 0.040013 0.009522 -0.447696 0.000000 0.000000
Min Energies: 27.882626 0.067521 nan 0.000000 0.000000
Min Energies: 3.410637 0.031004 -nan 0.000000 0.000000
Min Energies: 0.140718 0.014262 -0.442255 0.000000 0.000000
Min Energies: 0.042823 0.009978 -0.453643 0.000000 0.000000
Min Energies: 0.042823 0.009978 -0.453643 0.000000 0.000000
Min Energies: 3017.786334 2.682169 nan 0.000000 0.000000
Min Energies: 502.622618 0.271824 nan 0.000000 0.000000
Min Energies: 8.803493 0.039533 nan 0.000000 0.000000
Min Energies: 0.102530 0.013057 -0.492847 0.000000 0.000000
Min Energies: 0.045269 0.010286 -0.457791 0.000000 0.000000
Min Energies: 0.045269 0.010286 -0.457791 0.000000 0.000000
Min Energies: 29.093197 0.036125 -nan 0.000000 0.000000
Min Energies: 3.442470 0.020694 nan 0.000000 0.000000
Min Energies: 0.149453 0.013108 -0.479222 0.000000 0.000000
Min Energies: 0.048860 0.010797 -0.468476 0.000000 0.000000
Min Energies: 0.048860 0.010797 -0.468476 0.000000 0.000000
Min Energies: 996.294618 1.409907 nan 0.000000 0.000000
Min Energies: 129.138535 0.414733 -nan 0.000000 0.000000
Min Energies: 1.576808 0.020031 240500774862715794238366415343837688308268747718656.000000 0.000000 0.000000
Min Energies: 0.058084 0.011511 -0.490367 0.000000 0.000000
Min Energies: 0.052171 0.011158 -0.479438 0.000000 0.000000
Min Energies: 0.052171 0.011158 -0.479438 0.000000 0.000000
Min Energies: 13037.547865 0.176501 nan 0.000000 0.000000
Min Energies: 2432.953906 0.152688 -nan 0.000000 0.000000
Min Energies: 40.594452 0.041481 nan 0.000000 0.000000
Min Energies: 0.165487 0.013491 -0.292066 0.000000 0.000000
Min Energies: 0.055139 0.011413 -0.487084 0.000000 0.000000
Min Energies: 0.055139 0.011413 -0.487084 0.000000 0.000000
Min Energies: 120.507653 0.056261 nan 0.000000 0.000000
Min Energies: 12.658962 0.025926 nan 0.000000 0.000000
Min Energies: 0.318089 0.013445 35.067993 0.000000 0.000000
Min Energies: 0.060088 0.011620 -0.497509 0.000000 0.000000
Min Energies: 0.060088 0.011620 -0.497509 0.000000 0.000000
Min Energies: 18.443558 0.029131 nan 0.000000 0.000000
Min Energies: 2.904058 0.013612 nan 0.000000 0.000000
Min Energies: 0.182238 0.011359 -0.550294 0.000000 0.000000
Min Energies: 0.059698 0.011567 -0.504926 0.000000 0.000000
Min Energies: 0.059698 0.011567 -0.504926 0.000000 0.000000
Min Energies: 184.862287 0.117720 -nan 0.000000 0.000000
Min Energies: 20.267091 0.037215 -nan 0.000000 0.000000
Min Energies: 0.547670 0.010922 61.642618 0.000000 0.000000
Min Energies: 0.057264 0.011401 -0.515747 0.000000 0.000000
Min Energies: 0.057264 0.011401 -0.515747 0.000000 0.000000
Min Energies: 0.272655 0.011944 319.458741 0.000000 0.000000
Min Energies: 0.050628 0.011137 -0.525623 0.000000 0.000000
Min Energies: 0.050628 0.011137 -0.525623 0.000000 0.000000
Min Energies: 9.149616 0.052974 -nan 0.000000 0.000000
Min Energies: 1.211602 0.017791 nan 0.000000 0.000000
Min Energies: 0.089020 0.011572 -0.518280 0.000000 0.000000
Min Energies: 0.050586 0.011160 -0.531425 0.000000 0.000000
Min Energies: 0.050586 0.011160 -0.531425 0.000000 0.000000
Min Energies: 2.120246 0.120285 nan 0.000000 0.000000
Min Energies: 0.404158 0.014261 54670410858455043078360051881134527929030554533703052869763072.000000 0.000000 0.000000
Min Energies: 0.048347 0.011184 -0.542546 0.000000 0.000000
Min Energies: 0.048347 0.011184 -0.542546 0.000000 0.000000
Min Energies: 20081.065363 14.233594 nan 0.000000 0.000000
Min Energies: 3910.664871 2.220196 -nan 0.000000 0.000000
Min Energies: 61.511682 0.791828 -nan 0.000000 0.000000
Min Energies: 0.181900 0.012169 165489.912034 0.000000 0.000000
Min Energies: 0.049596 0.011177 -0.549167 0.000000 0.000000
Min Energies: 0.049596 0.011177 -0.549167 0.000000 0.000000
Min Energies: 74.767277 30.560637 nan 0.000000 0.000000
Min Energies: 4.962967 2.652438 -nan 0.000000 0.000000
Min Energies: 0.275105 0.013491 43.019858 0.000000 0.000000
Min Energies: 0.052161 0.011204 -0.554952 0.000000 0.000000
Min Energies: 0.052161 0.011204 -0.554952 0.000000 0.000000
Min Energies: 14.479297 2.460528 nan 0.000000 0.000000
Min Energies: 2.213697 0.080261 -0.426885 0.000000 0.000000
Min Energies: 0.057734 0.010797 -0.556133 0.000000 0.000000
Min Energies: 0.048944 0.011068 -0.557510 0.000000 0.000000
Min Energies: 0.048944 0.011068 -0.557510 0.000000 0.000000
Min Energies: 45.016727 3.899930 -nan 0.000000 0.000000
Min Energies: 5.187208 0.051975 nan 0.000000 0.000000
Min Energies: 0.212123 0.013613 16120013724951223071939008726259701204910080.000000 0.000000 0.000000
Min Energies: 0.051310 0.011225 -0.562792 0.000000 0.000000
Min Energies: 0.051310 0.011225 -0.562792 0.000000 0.000000
Min Energies: 3.886678 0.097549 nan 0.000000 0.000000
Min Energies: 0.700835 0.017817 162791043770058243045419648292837849126928384.000000 0.000000 0.000000
Min Energies: 0.054805 0.010976 -0.573367 0.000000 0.000000
Min Energies: 0.054805 0.010976 -0.573367 0.000000 0.000000
Min Energies: 123.441597 2.426134 nan 0.000000 0.000000
Min Energies: 8.183508 3.647308 nan 0.000000 0.000000
Min Energies: 0.189954 0.014002 -0.395328 0.000000 0.000000
Min Energies: 0.056035 0.010814 -0.581149 0.000000 0.000000
Min Energies: 0.056035 0.010814 -0.581149 0.000000 0.000000
Min Energies: 3352.004639 0.457716 nan 0.000000 0.000000
Min Energies: 491.911608 16.330586 -nan 0.000000 0.000000
Min Energies: 3.269496 0.121443 nan 0.000000 0.000000
Min Energies: 0.062287 0.011125 -0.608293 0.000000 0.000000
Min Energies: 0.056341 0.010796 -0.593650 0.000000 0.000000
Min Energies: 0.056341 0.010796 -0.593650 0.000000 0.000000
Min Energies: 1800.058352 28.780290 nan 0.000000 0.000000
Min Energies: 239.886087 3.597211 -nan 0.000000 0.000000
Min Energies: 2.248549 0.050372 nan 0.000000 0.000000
Min Energies: 0.069541 0.011230 -0.611288 0.000000 0.000000
Min Energies: 0.059814 0.010909 -0.604237 0.000000 0.000000
Min Energies: 0.059814 0.010909 -0.604237 0.000000 0.000000
Min Energies: 205.667799 13.516317 -nan 0.000000 0.000000
Min Energies: 16.481981 1.455100 -nan 0.000000 0.000000
Min Energies: 0.318915 0.019047 -nan 0.000000 0.000000
Min Energies: 0.063208 0.011193 -0.610984 0.000000 0.000000
Min Energies: 0.060515 0.011000 -0.607661 0.000000 0.000000
Min Energies: 0.060515 0.011000 -0.607661 0.000000 0.000000
Min Energies: 15418.337271 0.337315 nan 0.000000 0.000000
Min Energies: 2974.760551 1.102481 nan 0.000000 0.000000
Min Energies: 43.993951 2.365341 nan 0.000000 0.000000
Min Energies: 0.163156 0.014629 747.398417 0.000000 0.000000
Min Energies: 0.062307 0.011146 -0.611274 0.000000 0.000000
Min Energies: 0.062307 0.011146 -0.611274 0.000000 0.000000
Min Energies: 0.671907 0.059070 nan 0.000000 0.000000
Min Energies: 0.101620 0.019218 nan 0.000000 0.000000
Min Energies: 0.044837 0.011893 -0.604239 0.000000 0.000000
Min Energies: 0.044837 0.011893 -0.604239 0.000000 0.000000
Min Energies: 0.963000 0.131316 nan 0.000000 0.000000
Min Energies: 0.147184 0.032417 234613724345.358521 0.000000 0.000000
Min Energies: 0.034286 0.012732 -0.620272 0.000000 0.000000
Min Energies: 0.034286 0.012732 -0.620272 0.000000 0.000000
Min Energies: 2.108747 9.338645 281618242182208123157267826997123350528.000000 0.000000 0.000000
Min Energies: 0.016204 0.013757 -0.631947 0.000000 0.000000
Min Energies: 0.016204 0.013757 -0.631947 0.000000 0.000000
Min Energies: 0.818912 10.274793 nan 0.000000 0.000000
Min Energies: 0.122222 0.029374 nan 0.000000 0.000000
Min Energies: 0.021772 0.016020 -0.649725 0.000000 0.000000
Min Energies: 0.021772 0.016020 -0.649725 0.000000 0.000000
Min Energies: 0.161127 0.024056 1002261.504122 0.000000 0.000000
Min Energies: 0.018848 0.016224 -0.660895 0.000000 0.000000
Min Energies: 0.018848 0.016224 -0.660895 0.000000 0.000000
Min Energies: 0.206009 0.023948 11782.939620 0.000000 0.000000
Min Energies: 0.015192 0.016507 -0.666364 0.000000 0.000000
Min Energies: 0.015192 0.016507 -0.666364 0.000000 0.000000
Min Energies: 0.217389 0.043513 83165.874604 0.000000 0.000000
Min Energies: 0.010864 0.017005 -0.672287 0.000000 0.000000
Min Energies: 0.010864 0.017005 -0.672287 0.000000 0.000000
Min Energies: 0.904931 0.316462 nan 0.000000 0.000000
Min Energies: 0.181430 0.025257 -0.655272 0.000000 0.000000
Min Energies: 0.008288 0.017284 -0.679835 0.000000 0.000000
Min Energies: 0.008288 0.017284 -0.679835 0.000000 0.000000
Min Energies: 0.050575 0.041252 4784406383224594185672720384.000000 0.000000 0.000000
Min Energies: 0.009056 0.018007 -0.685544 0.000000 0.000000
Min Energies: 0.009056 0.018007 -0.685544 0.000000 0.000000
Min Energies: 0.078540 0.032365 -0.713183 0.000000 0.000000
Min Energies: 0.010259 0.018884 -0.694235 0.000000 0.000000
Min Energies: 0.010259 0.018884 -0.694235 0.000000 0.000000
Min Energies: 0.144452 0.153760 nan 0.000000 0.000000
Min Energies: 0.031869 0.028076 -0.707978 0.000000 0.000000
Min Energies: 0.007135 0.020417 -0.703049 0.000000 0.000000
Min Energies: 0.007135 0.020417 -0.703049 0.000000 0.000000
Min Energies: 0.212401 0.899052 -nan 0.000000 0.000000
Min Energies: 0.022199 0.043157 -0.694813 0.000000 0.000000
Min Energies: 0.006632 0.021972 -0.709708 0.000000 0.000000
Min Energies: 0.006632 0.021972 -0.709708 0.000000 0.000000
Min Energies: 0.043337 0.074829 -0.700837 0.000000 0.000000
Min Energies: 0.005677 0.023034 -0.714429 0.000000 0.000000
Min Energies: 0.005677 0.023034 -0.714429 0.000000 0.000000
Min Energies: 0.027880 0.051718 -0.392649 0.000000 0.000000
Min Energies: 0.005538 0.024007 -0.718350 0.000000 0.000000
Min Energies: 0.005538 0.024007 -0.718350 0.000000 0.000000
Min Energies: 4.385931 15.588792 nan 0.000000 0.000000
Min Energies: 0.290873 0.184846 nan 0.000000 0.000000
Min Energies: 0.015729 0.030008 -0.728872 0.000000 0.000000
Min Energies: 0.005943 0.024408 -0.720003 0.000000 0.000000
Min Energies: 0.005943 0.024408 -0.720003 0.000000 0.000000
Min Energies: 0.353795 0.218279 660801141420597175708216707892876085821440.000000 0.000000 0.000000
Min Energies: 0.007699 0.026554 -0.726464 0.000000 0.000000
Min Energies: 0.007699 0.026554 -0.726464 0.000000 0.000000
Min Energies: 0.071991 0.037762 1.502212 0.000000 0.000000
Min Energies: 0.003360 0.027279 -0.726498 0.000000 0.000000
Min Energies: 0.003360 0.027279 -0.726498 0.000000 0.000000
Min Energies: 0.076990 0.062984 17.509481 0.000000 0.000000
Min Energies: 0.002635 0.028461 -0.729687 0.000000 0.000000
Min Energies: 0.002635 0.028461 -0.729687 0.000000 0.000000
Min Energies: 0.013947 0.035576 -0.729205 0.000000 0.000000
Min Energies: 0.002382 0.028774 -0.731239 0.000000 0.000000
Min Energies: 0.002382 0.028774 -0.731239 0.000000 0.000000
Min Energies: 0.706271 0.038443 313255.320702 0.000000 0.000000
Min Energies: 0.010651 0.028790 -0.734275 0.000000 0.000000
Min Energies: 0.002990 0.028761 -0.731820 0.000000 0.000000
Min Energies: 0.002990 0.028761 -0.731820 0.000000 0.000000
Min Energies: 0.181644 0.066592 16267962124230246358265471796046281027092480.000000 0.000000 0.000000
Min Energies: 0.004063 0.029466 -0.735993 0.000000 0.000000
Min Energies: 0.004063 0.029466 -0.735993 0.000000 0.000000
Min Energies: 0.011472 0.029306 -0.741564 0.000000 0.000000
Min Energies: 0.004592 0.029163 -0.738928 0.000000 0.000000
Min Energies: 0.004592 0.029163 -0.738928 0.000000 0.000000
Min Energies: 0.006919 0.029064 -0.740230 0.000000 0.000000
Min Energies: 0.004480 0.028941 -0.740362 0.000000 0.000000
Min Energies: 0.004480 0.028941 -0.740362 0.000000 0.000000
Min Energies: 0.032883 0.026949 1325.743808 0.000000 0.000000
Min Energies: 0.003978 0.028211 -0.741330 0.000000 0.000000
Min Energies: 0.003978 0.028211 -0.741330 0.000000 0.000000
Min Energies: 0.020217 0.029988 -0.666481 0.000000 0.000000
Min Energies: 0.004476 0.028119 -0.742477 0.000000 0.000000
Min Energies: 0.004476 0.028119 -0.742477 0.000000 0.000000
Min Energies: 0.005935 0.027180 -0.741105 0.000000 0.000000
Min Energies: 0.003381 0.027530 -0.742203 0.000000 0.000000
Min Energies: 0.003381 0.027530 -0.742203 0.000000 0.000000
Min Energies: 0.018019 0.026210 -0.691355 0.000000 0.000000
Min Energies: 0.003710 0.027174 -0.742822 0.000000 0.000000
Min Energies: 0.003710 0.027174 -0.742822 0.000000 0.000000
Min Energies: 0.389992 0.037622 11373307984510012.000000 0.000000 0.000000
Min Energies: 0.007192 0.027078 -0.744277 0.000000 0.000000
Min Energies: 0.004128 0.027128 -0.743349 0.000000 0.000000
Min Energies: 0.004128 0.027128 -0.743349 0.000000 0.000000
Min Energies: 0.104629 0.037225 nan 0.000000 0.000000
Min Energies: 0.024743 0.029598 1.142994 0.000000 0.000000
Min Energies: 0.004396 0.027152 -0.744056 0.000000 0.000000
Min Energies: 0.004396 0.027152 -0.744056 0.000000 0.000000
Min Energies: 0.003845 0.025931 -0.743031 0.000000 0.000000
Min Energies: 0.009460 0.023323 -0.697677 0.000000 0.000000
Min Energies: 0.002960 0.025502 -0.742793 0.000000 0.000000
Min Energies: 0.002960 0.025502 -0.742793 0.000000 0.000000
Min Energies: 0.008168 0.024986 -0.740680 0.000000 0.000000
Min Energies: 0.002805 0.025430 -0.743112 0.000000 0.000000
Min Energies: 0.002805 0.025430 -0.743112 0.000000 0.000000
Min Energies: 0.045108 0.026432 -0.749769 0.000000 0.000000
Min Energies: 0.003293 0.025417 -0.744127 0.000000 0.000000
Min Energies: 0.002904 0.025423 -0.743434 0.000000 0.000000
Min Energies: 0.002904 0.025423 -0.743434 0.000000 0.000000
Min Energies: 1.286690 1.086928 1485773067824367232168221301742239744.000000 0.000000 0.000000
Min Energies: 0.005781 0.024716 -0.746252 0.000000 0.000000
Min Energies: 0.002983 0.025268 -0.743866 0.000000 0.000000
Min Energies: 0.002983 0.025268 -0.743866 0.000000 0.000000
Min Energies: 81.348334 12.007873 nan 0.000000 0.000000
Min Energies: 4.760586 6.077445 -nan 0.000000 0.000000
Min Energies: 0.070320 0.026613 -0.739082 0.000000 0.000000
Min Energies: 0.003745 0.025105 -0.745085 0.000000 0.000000
Min Energies: 0.003154 0.025209 -0.744250 0.000000 0.000000
Min Energies: 0.003154 0.025209 -0.744250 0.000000 0.000000
Min Energies: 0.013567 0.025116 -0.747763 0.000000 0.000000
Min Energies: 0.003848 0.025067 -0.745290 0.000000 0.000000
Min Energies: 0.003848 0.025067 -0.745290 0.000000 0.000000
Min Energies: 0.002926 0.024044 -0.746165 0.000000 0.000000
Min Energies: 0.002445 0.023126 -0.746182 0.000000 0.000000
Min Energies: 0.024515 0.023196 -0.746454 0.000000 0.000000
Min Energies: 0.002643 0.023045 -0.746933 0.000000 0.000000
Min Energies: 0.002643 0.023045 -0.746933 0.000000 0.000000
Min Energies: 0.029927 0.023388 -0.744262 0.000000 0.000000
Min Energies: 0.003329 0.022914 -0.747874 0.000000 0.000000
Min Energies: 0.003329 0.022914 -0.747874 0.000000 0.000000
Min Energies: 1.139220 8.356110 235538097.190308 0.000000 0.000000
Min Energies: 0.004548 0.022241 -0.749665 0.000000 0.000000
Min Energies: 0.003496 0.022626 -0.748503 0.000000 0.000000
Min Energies: 0.003496 0.022626 -0.748503 0.000000 0.000000
Min Energies: 0.052057 0.031132 -0.712755 0.000000 0.000000
Min Energies: 0.004338 0.022591 -0.749888 0.000000 0.000000
Min Energies: 0.004338 0.022591 -0.749888 0.000000 0.000000
Min Energies: 0.061543 0.033199 -0.757490 0.000000 0.000000
Min Energies: 0.005554 0.022696 -0.751468 0.000000 0.000000
Min Energies: 0.005554 0.022696 -0.751468 0.000000 0.000000
Min Energies: 0.022581 0.029959 -0.762816 0.000000 0.000000
Min Energies: 0.005989 0.023004 -0.753181 0.000000 0.000000
Min Energies: 0.005989 0.023004 -0.753181 0.000000 0.000000
Min Energies: 0.007039 0.025990 -0.759762 0.000000 0.000000
Min Energies: 0.005669 0.024085 -0.756538 0.000000 0.000000
Min Energies: 0.005669 0.024085 -0.756538 0.000000 0.000000
Min Energies: 0.008568 0.032752 -0.765244 0.000000 0.000000
Min Energies: 0.005299 0.024933 -0.758088 0.000000 0.000000
Min Energies: 0.005299 0.024933 -0.758088 0.000000 0.000000
Min Energies: 0.020123 0.055072 -0.772489 0.000000 0.000000
Min Energies: 0.004906 0.025866 -0.759666 0.000000 0.000000
Min Energies: 0.004906 0.025866 -0.759666 0.000000 0.000000
Min Energies: 0.004280 0.027400 -0.760929 0.000000 0.000000
Min Energies: 0.004252 0.026565 -0.760885 0.000000 0.000000
Min Energies: 0.004252 0.026565 -0.760885 0.000000 0.000000
Min Energies: 0.003783 0.034409 -0.768408 0.000000 0.000000
Min Energies: 0.003671 0.028516 -0.763416 0.000000 0.000000
Min Energies: 0.003671 0.028516 -0.763416 0.000000 0.000000
Min Energies: 0.006010 0.038073 -0.771945 0.000000 0.000000
Min Energies: 0.003144 0.030249 -0.765818 0.000000 0.000000
Min Energies: 0.003144 0.030249 -0.765818 0.000000 0.000000
Min Energies: 0.006673 0.030218 -0.766374 0.000000 0.000000
Min Energies: 0.002886 0.030149 -0.766328 0.000000 0.000000
Min Energies: 0.002886 0.030149 -0.766328 0.000000 0.000000
Min Energies: 0.003201 0.031506 -0.769060 0.000000 0.000000
Min Energies: 0.001950 0.032807 -0.771662 0.000000 0.000000
Min Energies: 0.012011 0.045285 -0.782479 0.000000 0.000000
Min Energies: 0.002091 0.033351 -0.773063 0.000000 0.000000
Min Energies: 0.002091 0.033351 -0.773063 0.000000 0.000000
Min Energies: 0.562392 1.150045 65.452125 0.000000 0.000000
Min Energies: 0.002267 0.035020 -0.776932 0.000000 0.000000
Min Energies: 0.002267 0.035020 -0.776932 0.000000 0.000000
Min Energies: 0.021760 0.652724 -0.757317 0.000000 0.000000
Min Energies: 0.002181 0.035871 -0.778403 0.000000 0.000000
Min Energies: 0.002181 0.035871 -0.778403 0.000000 0.000000
Min Energies: 0.014935 0.091123 -0.438480 0.000000 0.000000
Min Energies: 0.002320 0.036358 -0.780274 0.000000 0.000000
Min Energies: 0.002320 0.036358 -0.780274 0.000000 0.000000
Min Energies: 0.007778 0.034003 -0.763240 0.000000 0.000000
Min Energies: 0.002323 0.035766 -0.781090 0.000000 0.000000
Min Energies: 0.002323 0.035766 -0.781090 0.000000 0.000000
Min Energies: 0.004862 0.034484 -0.783528 0.000000 0.000000
Min Energies: 0.002978 0.034943 -0.782875 0.000000 0.000000
Min Energies: 0.002978 0.034943 -0.782875 0.000000 0.000000
Min Energies: 0.020124 0.032004 -0.782223 0.000000 0.000000
Min Energies: 0.004143 0.034266 -0.783842 0.000000 0.000000
Min Energies: 0.004143 0.034266 -0.783842 0.000000 0.000000
Min Energies: 0.007760 0.033980 -0.786757 0.000000 0.000000
Min Energies: 0.005120 0.034070 -0.785044 0.000000 0.000000
Min Energies: 0.005120 0.034070 -0.785044 0.000000 0.000000
Min Energies: 0.006917 0.033579 -0.787652 0.000000 0.000000
Min Energies: 0.005714 0.033778 -0.786420 0.000000 0.000000
Min Energies: 0.005714 0.033778 -0.786420 0.000000 0.000000
Min Energies: 0.009079 0.041131 -0.794282 0.000000 0.000000
Min Energies: 0.005881 0.034755 -0.788154 0.000000 0.000000
Min Energies: 0.005881 0.034755 -0.788154 0.000000 0.000000
Min Energies: 0.007744 0.035993 -0.791485 0.000000 0.000000
Min Energies: 0.005304 0.034716 -0.789502 0.000000 0.000000
Min Energies: 0.005304 0.034716 -0.789502 0.000000 0.000000
Min Energies: 0.054128 0.046715 13.728601 0.000000 0.000000
Min Energies: 0.006139 0.034878 -0.791408 0.000000 0.000000
Min Energies: 0.006139 0.034878 -0.791408 0.000000 0.000000
Min Energies: 0.010669 0.039425 -0.800159 0.000000 0.000000
Min Energies: 0.006537 0.035918 -0.794773 0.000000 0.000000
Min Energies: 0.006537 0.035918 -0.794773 0.000000 0.000000
Min Energies: 0.008749 0.040873 -0.806716 0.000000 0.000000
Min Energies: 0.006259 0.036706 -0.798043 0.000000 0.000000
Min Energies: 0.006259 0.036706 -0.798043 0.000000 0.000000
Min Energies: 0.033949 0.049967 nan 0.000000 0.000000
Min Energies: 0.008999 0.039816 -0.808371 0.000000 0.000000
Min Energies: 0.005907 0.037276 -0.802406 0.000000 0.000000
Min Energies: 0.005907 0.037276 -0.802406 0.000000 0.000000
Min Energies: 1.147207 0.383546 nan 0.000000 0.000000
Min Energies: 0.119047 0.076979 nan 0.000000 0.000000
Min Energies: 0.009086 0.041249 -0.808088 0.000000 0.000000
Min Energies: 0.006351 0.038311 -0.805558 0.000000 0.000000
Min Energies: 0.006351 0.038311 -0.805558 0.000000 0.000000
Min Energies: 0.022101 0.052803 5158941628353721602034788598437491257428106638516027392.000000 0.000000 0.000000
Min Energies: 0.006517 0.039171 -0.807957 0.000000 0.000000
Min Energies: 0.006517 0.039171 -0.807957 0.000000 0.000000
Min Energies: 0.055086 0.065657 nan 0.000000 0.000000
Min Energies: 0.014856 0.045988 219.780570 0.000000 0.000000
Min Energies: 0.006654 0.039610 -0.809698 0.000000 0.000000
Min Energies: 0.006654 0.039610 -0.809698 0.000000 0.000000
Min Energies: 0.009447 0.044524 168.873598 0.000000 0.000000
Min Energies: 0.006349 0.039668 -0.810901 0.000000 0.000000
Min Energies: 0.006349 0.039668 -0.810901 0.000000 0.000000
Min Energies: 0.013459 0.044514 12.187266 0.000000 0.000000
Min Energies: 0.005863 0.039787 -0.812105 0.000000 0.000000
Min Energies: 0.005863 0.039787 -0.812105 0.000000 0.000000
Min Energies: 0.003702 0.039853 -0.810789 0.000000 0.000000
Min Energies: 0.002274 0.040562 -0.811368 0.000000 0.000000
Min Energies: 0.009376 0.038356 -0.806881 0.000000 0.000000
Min Energies: 0.002323 0.039674 -0.813388 0.000000 0.000000
Min Energies: 0.002323 0.039674 -0.813388 0.000000 0.000000
Min Energies: 0.004846 0.036656 -0.812175 0.000000 0.000000
Min Energies: 0.002390 0.039214 -0.813655 0.000000 0.000000
Min Energies: 0.002390 0.039214 -0.813655 0.000000 0.000000
Min Energies: 0.002827 0.039374 -0.814300 0.000000 0.000000
Min Energies: 0.003894 0.039021 -0.815372 0.000000 0.000000
Min Energies: 0.011103 0.037953 -0.817665 0.000000 0.000000
Min Energies: 0.004274 0.038843 -0.815886 0.000000 0.000000
Min Energies: 0.004274 0.038843 -0.815886 0.000000 0.000000
Min Energies: 0.004697 0.038096 -0.816273 0.000000 0.000000
Min Energies: 0.004437 0.038469 -0.816095 0.000000 0.000000
Min Energies: 0.004437 0.038469 -0.816095 0.000000 0.000000
Min Energies: 0.003383 0.036934 -0.815555 0.000000 0.000000
Min Energies: 0.003303 0.038370 -0.816753 0.000000 0.000000
Min Energies: 0.003223 0.036868 -0.815977 0.000000 0.000000
Min Energies: 0.003223 0.036868 -0.815977 0.000000 0.000000
Min Energies: 0.002165 0.037982 -0.815770 0.000000 0.000000
Min Energies: 0.002452 0.037030 -0.816336 0.000000 0.000000
Min Energies: 0.002452 0.037030 -0.816336 0.000000 0.000000
Min Energies: 0.002258 0.036842 -0.816870 0.000000 0.000000
Min Energies: 0.002291 0.036908 -0.816683 0.000000 0.000000
Min Energies: 0.002291 0.036908 -0.816683 0.000000 0.000000
Min Energies: 0.003677 0.036956 -0.817753 0.000000 0.000000
Min Energies: 0.002761 0.036877 -0.817350 0.000000 0.000000
Min Energies: 0.002761 0.036877 -0.817350 0.000000 0.000000
Min Energies: 0.003259 0.037038 -0.818072 0.000000 0.000000
Min Energies: 0.002885 0.036923 -0.817652 0.000000 0.000000
Min Energies: 0.002885 0.036923 -0.817652 0.000000 0.000000
Min Energies: 0.216611 0.133808 -0.567944 0.000000 0.000000
Min Energies: 0.004915 0.036701 -0.818880 0.000000 0.000000
Min Energies: 0.003122 0.036858 -0.817914 0.000000 0.000000
Min Energies: 0.003122 0.036858 -0.817914 0.000000 0.000000
Min Energies: 0.009602 0.095560 -0.817786 0.000000 0.000000
Min Energies: 0.003382 0.036797 -0.818209 0.000000 0.000000
Min Energies: 0.003382 0.036797 -0.818209 0.000000 0.000000
Min Energies: 0.002551 0.039044 -0.817820 0.000000 0.000000
Min Energies: 0.003110 0.036698 -0.818166 0.000000 0.000000
Min Energies: 0.003110 0.036698 -0.818166 0.000000 0.000000
Min Energies: 0.002350 0.037271 -0.817612 0.000000 0.000000
Min Energies: 0.002737 0.036583 -0.818122 0.000000 0.000000
Min Energies: 0.002737 0.036583 -0.818122 0.000000 0.000000
Min Energies: 0.002309 0.036545 -0.818107 0.000000 0.000000
Min Energies: 0.002638 0.036820 -0.817560 0.000000 0.000000
Min Energies: 0.002323 0.036471 -0.818088 0.000000 0.000000
Min Energies: 0.002323 0.036471 -0.818088 0.000000 0.000000
Min Energies: 0.002632 0.036564 -0.818517 0.000000 0.000000
Min Energies: 0.002482 0.036450 -0.818337 0.000000 0.000000
Min Energies: 0.002482 0.036450 -0.818337 0.000000 0.000000
Min Energies: 0.003333 0.036880 -0.818953 0.000000 0.000000
Min Energies: 0.002650 0.036430 -0.818487 0.000000 0.000000
Min Energies: 0.002573 0.036435 -0.818421 0.000000 0.000000
Min Energies: 0.002573 0.036435 -0.818421 0.000000 0.000000
Min Energies: 0.003105 0.037292 -0.818949 0.000000 0.000000
Min Energies: 0.002669 0.036392 -0.818550 0.000000 0.000000
Min Energies: 0.002669 0.036392 -0.818550 0.000000 0.000000
Min Energies: 0.003778 0.036867 -0.819236 0.000000 0.000000
Min Energies: 0.002842 0.036238 -0.818736 0.000000 0.000000
Min Energies: 0.002842 0.036238 -0.818736 0.000000 0.000000
Min Energies: 0.004368 0.128943 -0.819589 0.000000 0.000000
Min Energies: 0.002899 0.036272 -0.818860 0.000000 0.000000
Min Energies: 0.002899 0.036272 -0.818860 0.000000 0.000000
Min Energies: 0.004969 0.248706 -0.820012 0.000000 0.000000
Min Energies: 0.002974 0.036877 -0.819026 0.000000 0.000000
Min Energies: 0.002909 0.036307 -0.818886 0.000000 0.000000
Min Energies: 0.002903 0.036283 -0.818869 0.000000 0.000000
Min Energies: 0.002900 0.036276 -0.818863 0.000000 0.000000
Min Energies: 0.002900 0.036274 -0.818861 0.000000 0.000000
Min Energies: 0.002899 0.036273 -0.818860 0.000000 0.000000
Min Energies: 0.002899 0.036272 -0.818860 0.000000 0.000000
Min Energies: 0.002899 0.036272 -0.818860 0.000000 0.000000
Min Energies: 0.002899 0.036272 -0.818860 0.000000 0.000000
Min Energies: 0.002899 0.036272 -0.818860 0.000000 0.000000
Min Energies: 0.002899 0.036272 -0.818860 0.000000 0.000000
found minimum at -0.3722422441
1 0.151575 0.000001 -0.373404 0.000000 0.000000
2 1.854703 0.000001 -0.373854 0.000000 0.000000
3 12.848542 0.000004 -0.372554 0.000000 0.000000
4 44.158567 0.000014 -0.360661 0.000000 0.000000
