Min Energies: 0.000000 0.000000 -0.369633 0.000000 0.000000
Min Energies: 3.422502 0.000035 nan 0.000000 0.000000
Min Energies: 0.852395 0.000012 nan 0.000000 0.000000
Min Energies: 0.053101 0.000001 -0.343819 0.000000 0.000000
Min Energies: 0.000530 0.000000 -0.370705 0.000000 0.000000
Min Energies: 0.000530 0.000000 -0.370705 0.000000 0.000000
Min Energies: 10.345226 0.000080 nan 0.000000 0.000000
Min Energies: 2.585527 0.000045 nan 0.000000 0.000000
Min Energies: 0.161774 0.000005 970.813065 0.000000 0.000000
Min Energies: 0.002106 0.000000 -0.372188 0.000000 0.000000
Min Energies: 0.000868 0.000000 -0.371418 0.000000 0.000000
Min Energies: 0.000868 0.000000 -0.371418 0.000000 0.000000
Min Energies: 0.720867 0.001275 nan 0.000000 0.000000
Min Energies: 0.187117 0.000375 nan 0.000000 0.000000
Min Energies: 0.016582 0.000028 0.077310 0.000000 0.000000
Min Energies: 0.001545 0.000000 -0.372241 0.000000 0.000000
Min Energies: 0.000927 0.000000 -0.371503 0.000000 0.000000
Min Energies: 0.000874 0.000000 -0.371426 0.000000 0.000000
Min Energies: 0.000870 0.000000 -0.371421 0.000000 0.000000
Min Energies: 0.000870 0.000000 -0.371421 0.000000 0.000000
Min Energies: 0.946586 0.002686 nan 0.000000 0.000000
Min Energies: 0.239101 0.000723 nan 0.000000 0.000000
Min Energies: 0.020165 0.000049 10.093888 0.000000 0.000000
Min Energies: 0.001654 0.000001 -0.372398 0.000000 0.000000
Min Energies: 0.000937 0.000000 -0.371524 0.000000 0.000000
Min Energies: 0.000877 0.000000 -0.371432 0.000000 0.000000
Min Energies: 0.000872 0.000000 -0.371423 0.000000 0.000000
Min Energies: 0.000872 0.000000 -0.371423 0.000000 0.000000
found minimum at -0.370586863
Integration time(s) = 0.000000
Min Energies: 0.000937 0.000000 -0.371524 0.000000 0.000000
Min Energies: 0.806651 0.000023 -nan 0.000000 0.000000
Min Energies: 0.208150 0.000007 -nan 0.000000 0.000000
Min Energies: 0.016348 0.000001 -0.371966 0.000000 0.000000
Min Energies: 0.001392 0.000000 -0.371979 0.000000 0.000000
Min Energies: 0.001134 0.000000 -0.371754 0.000000 0.000000
Min Energies: 0.001134 0.000000 -0.371754 0.000000 0.000000
Min Energies: 1.734578 0.000129 nan 0.000000 0.000000
Min Energies: 0.444778 0.000045 nan 0.000000 0.000000
Min Energies: 0.033725 0.000004 704.147527 0.000000 0.000000
Min Energies: 0.002060 0.000000 -0.372773 0.000000 0.000000
Min Energies: 0.002060 0.000000 -0.372773 0.000000 0.000000
Min Energies: 0.063020 0.000338 nan 0.000000 0.000000
Min Energies: 0.010951 0.000078 992.017499 0.000000 0.000000
Min Energies: 0.000954 0.000001 -0.373102 0.000000 0.000000
Min Energies: 0.000954 0.000001 -0.373102 0.000000 0.000000
Min Energies: 0.017632 0.003899 -0.404735 0.000000 0.000000
Min Energies: 0.854123 0.018748 169476698373680222546754487566521597952.000000 0.000000 0.000000
Min Energies: 0.028679 0.005035 -0.406280 0.000000 0.000000
Min Energies: 0.018322 0.004059 -0.405735 0.000000 0.000000
Min Energies: 0.018322 0.004059 -0.405735 0.000000 0.000000
Min Energies: 16.153743 0.059257 nan 0.000000 0.000000
Min Energies: 2.245686 0.033204 nan 0.000000 0.000000
Min Energies: 0.099810 0.010616 -0.443910 0.000000 0.000000
Min Energies: 0.021908 0.004807 -0.410738 0.000000 0.000000
Min Energies: 0.021908 0.004807 -0.410738 0.000000 0.000000
Min Energies: 218.388724 0.146697 -nan 0.000000 0.000000
Min Energies: 32.919950 0.071510 -nan 0.000000 0.000000
Min Energies: 0.696006 0.023687 18.072920 0.000000 0.000000
Min Energies: 0.029709 0.006386 -0.420793 0.000000 0.000000
Min Energies: 0.025371 0.005655 -0.416217 0.000000 0.000000
Min Energies: 0.025371 0.005655 -0.416217 0.000000 0.000000
Min Energies: 98.774839 0.116002 nan 0.000000 0.000000
Min Energies: 15.599826 0.053414 nan 0.000000 0.000000
Min Energies: 0.543774 0.018168 -0.489713 0.000000 0.000000
Min Energies: 0.033144 0.006748 -0.423363 0.000000 0.000000
Min Energies: 0.026896 0.005975 -0.418326 0.000000 0.000000
Min Energies: 0.026896 0.005975 -0.418326 0.000000 0.000000
Min Energies: 86.918509 0.123197 -nan 0.000000 0.000000
Min Energies: 12.123495 0.055003 nan 0.000000 0.000000
Min Energies: 0.306310 0.019312 -0.467832 0.000000 0.000000
Min Energies: 0.033376 0.007142 -0.425823 0.000000 0.000000
Min Energies: 0.028122 0.006230 -0.419974 0.000000 0.000000
Min Energies: 0.027463 0.006096 -0.419108 0.000000 0.000000
Min Energies: 0.027463 0.006096 -0.419108 0.000000 0.000000
Min Energies: 44.802050 1.146969 -nan 0.000000 0.000000
Min Energies: 5.840778 0.041540 nan 0.000000 0.000000
Min Energies: 0.169236 0.015622 -0.486403 0.000000 0.000000
Min Energies: 0.030784 0.006944 -0.425099 0.000000 0.000000
Min Energies: 0.030784 0.006944 -0.425099 0.000000 0.000000
Min Energies: 3.393459 0.029999 -nan 0.000000 0.000000
Min Energies: 0.490408 0.020148 nan 0.000000 0.000000
Min Energies: 0.049980 0.010283 -0.454442 0.000000 0.000000
Min Energies: 0.033882 0.008245 -0.436207 0.000000 0.000000
Min Energies: 0.033882 0.008245 -0.436207 0.000000 0.000000
Min Energies: 306.134636 0.316776 -nan 0.000000 0.000000
Min Energies: 42.266112 0.377848 nan 0.000000 0.000000
Min Energies: 0.920100 0.020337 nan 0.000000 0.000000
Min Energies: 0.044813 0.009853 -0.452667 0.000000 0.000000
Min Energies: 0.035541 0.008819 -0.441952 0.000000 0.000000
Min Energies: 0.035541 0.008819 -0.441952 0.000000 0.000000
Min Energies: 1327.309768 3.404271 nan 0.000000 0.000000
Min Energies: 194.891670 0.485823 -nan 0.000000 0.000000
Min Energies: 2.962145 0.027319 nan 0.000000 0.000000
Min Energies: 0.054765 0.011284 -0.471096 0.000000 0.000000
Min Energies: 0.038693 0.009743 -0.452597 0.000000 0.000000
Min Energies: 0.038693 0.009743 -0.452597 0.000000 0.000000
Min Energies: 3124.182147 9.070927 nan 0.000000 0.000000
Min Energies: 515.577132 1.748223 nan 0.000000 0.000000
Min Energies: 9.123567 0.035721 -nan 0.000000 0.000000
Min Energies: 0.097638 0.013449 -0.483885 0.000000 0.000000
Min Energies: 0.041389 0.010146 -0.457199 0.000000 0.000000
Min Energies: 0.041389 0.010146 -0.457199 0.000000 0.000000
Min Energies: 303.270538 0.269974 -nan 0.000000 0.000000
Min Energies: 40.961113 0.068639 -nan 0.000000 0.000000
Min Energies: 0.814561 0.021737 nan 0.000000 0.000000
Min Energies: 0.056373 0.011588 -0.475065 0.000000 0.000000
Min Energies: 0.046344 0.010762 -0.464762 0.000000 0.000000
Min Energies: 0.046344 0.010762 -0.464762 0.000000 0.000000
Min Energies: 174.286869 0.154080 nan 0.000000 0.000000
Min Energies: 19.736592 0.059584 -nan 0.000000 0.000000
Min Energies: 0.407212 0.018042 979081412790910126431192682797760251797917751480156160.000000 0.000000 0.000000
Min Energies: 0.052851 0.011511 -0.475812 0.000000 0.000000
Min Energies: 0.046826 0.010837 -0.465890 0.000000 0.000000
Min Energies: 0.046826 0.010837 -0.465890 0.000000 0.000000
Min Energies: 6825.194599 0.943349 -nan 0.000000 0.000000
Min Energies: 1182.001104 1.778185 -nan 0.000000 0.000000
Min Energies: 17.190292 0.055101 -nan 0.000000 0.000000
Min Energies: 0.114019 0.013834 -0.478473 0.000000 0.000000
Min Energies: 0.048914 0.011145 -0.471354 0.000000 0.000000
Min Energies: 0.046996 0.010868 -0.466432 0.000000 0.000000
Min Energies: 0.046996 0.010868 -0.466432 0.000000 0.000000
Min Energies: 13.116170 0.037266 nan 0.000000 0.000000
Min Energies: 2.027049 0.021014 nan 0.000000 0.000000
Min Energies: 0.142683 0.013161 23.742488 0.000000 0.000000
Min Energies: 0.046646 0.011094 -0.470612 0.000000 0.000000
Min Energies: 0.046646 0.011094 -0.470612 0.000000 0.000000
Min Energies: 26639.162007 66.027014 nan 0.000000 0.000000
Min Energies: 5264.529433 1.855407 -nan 0.000000 0.000000
Min Energies: 99.638174 0.076779 nan 0.000000 0.000000
Min Energies: 0.333568 0.016407 210597052052465696.000000 0.000000 0.000000
Min Energies: 0.051405 0.011653 -0.478136 0.000000 0.000000
Min Energies: 0.046927 0.011150 -0.471450 0.000000 0.000000
Min Energies: 0.046927 0.011150 -0.471450 0.000000 0.000000
Min Energies: 3703.411711 5.325348 nan 0.000000 0.000000
Min Energies: 552.908558 0.375521 nan 0.000000 0.000000
Min Energies: 7.689373 0.029765 nan 0.000000 0.000000
Min Energies: 0.113435 0.012951 0.400136 0.000000 0.000000
Min Energies: 0.047628 0.011327 -0.473873 0.000000 0.000000
Min Energies: 0.047628 0.011327 -0.473873 0.000000 0.000000
Min Energies: 1558.059652 3.676623 nan 0.000000 0.000000
Min Energies: 190.752743 0.456023 nan 0.000000 0.000000
Min Energies: 1.924146 0.020698 nan 0.000000 0.000000
Min Energies: 0.054453 0.012295 -0.505623 0.000000 0.000000
Min Energies: 0.054453 0.012295 -0.505623 0.000000 0.000000
Min Energies: 57.471728 0.156595 -nan 0.000000 0.000000
Min Energies: 8.832375 0.034372 -nan 0.000000 0.000000
Min Energies: 0.390452 0.014730 1733964840301657600.000000 0.000000 0.000000
Min Energies: 0.050623 0.012521 -0.511916 0.000000 0.000000
Min Energies: 0.050623 0.012521 -0.511916 0.000000 0.000000
Min Energies: 30.622057 2.227655 -nan 0.000000 0.000000
Min Energies: 3.805214 0.041359 nan 0.000000 0.000000
Min Energies: 0.175932 0.014395 15.049468 0.000000 0.000000
Min Energies: 0.044691 0.012643 -0.517981 0.000000 0.000000
Min Energies: 0.044691 0.012643 -0.517981 0.000000 0.000000
Min Energies: 16.089006 0.274251 -nan 0.000000 0.000000
Min Energies: 1.478725 0.034830 95350374459305232221636825449533106349144192167872299008.000000 0.000000 0.000000
Min Energies: 0.047922 0.013175 -0.541719 0.000000 0.000000
Min Energies: 0.043769 0.012839 -0.528817 0.000000 0.000000
Min Energies: 0.043769 0.012839 -0.528817 0.000000 0.000000
Min Energies: 1728.185333 6.990244 -nan 0.000000 0.000000
Min Energies: 196.271002 31.794325 nan 0.000000 0.000000
Min Energies: 1.036723 0.048687 nan 0.000000 0.000000
Min Energies: 0.043934 0.013802 -0.555540 0.000000 0.000000
Min Energies: 0.041592 0.013033 -0.535723 0.000000 0.000000
Min Energies: 0.041592 0.013033 -0.535723 0.000000 0.000000
Min Energies: 9.773822 5.660689 -nan 0.000000 0.000000
Min Energies: 0.856931 0.041644 nan 0.000000 0.000000
Min Energies: 0.058538 0.015108 -0.529896 0.000000 0.000000
Min Energies: 0.039707 0.013228 -0.543617 0.000000 0.000000
Min Energies: 0.039707 0.013228 -0.543617 0.000000 0.000000
Min Energies: 3618.788444 1.314146 -nan 0.000000 0.000000
Min Energies: 508.050182 11.790201 -nan 0.000000 0.000000
Min Energies: 2.749159 0.077414 -nan 0.000000 0.000000
Min Energies: 0.050534 0.014572 -0.542624 0.000000 0.000000
Min Energies: 0.040776 0.013545 -0.553459 0.000000 0.000000
Min Energies: 0.040776 0.013545 -0.553459 0.000000 0.000000
Min Energies: 27814.188073 0.708887 nan 0.000000 0.000000
Min Energies: 5505.186572 2.306683 -nan 0.000000 0.000000
Min Energies: 80.240048 1.071725 nan 0.000000 0.000000
Min Energies: 0.105126 0.018134 nan 0.000000 0.000000
Min Energies: 0.041546 0.013830 -0.560370 0.000000 0.000000
Min Energies: 0.040961 0.013648 -0.556265 0.000000 0.000000
Min Energies: 0.040961 0.013648 -0.556265 0.000000 0.000000
Min Energies: 1283.634425 1.559609 -nan 0.000000 0.000000
Min Energies: 140.041852 4.828364 -nan 0.000000 0.000000
Min Energies: 0.785531 0.037680 nan 0.000000 0.000000
Min Energies: 0.049654 0.014550 -0.550371 0.000000 0.000000
Min Energies: 0.042283 0.013856 -0.561277 0.000000 0.000000
Min Energies: 0.042283 0.013856 -0.561277 0.000000 0.000000
Min Energies: 7.597195 3.819556 nan 0.000000 0.000000
Min Energies: 0.634198 0.034809 -nan 0.000000 0.000000
Min Energies: 0.054920 0.014580 -0.582237 0.000000 0.000000
Min Energies: 0.041668 0.013843 -0.565479 0.000000 0.000000
Min Energies: 0.041668 0.013843 -0.565479 0.000000 0.000000
Min Energies: 10735.084070 2.744783 nan 0.000000 0.000000
Min Energies: 1898.820108 0.674972 nan 0.000000 0.000000
Min Energies: 13.119470 2.927082 nan 0.000000 0.000000
Min Energies: 0.058137 0.015118 -0.593543 0.000000 0.000000
Min Energies: 0.041214 0.013841 -0.570183 0.000000 0.000000
Min Energies: 0.041598 0.013841 -0.565990 0.000000 0.000000
Min Energies: 0.041598 0.013841 -0.565990 0.000000 0.000000
Min Energies: 35396.150804 1.584654 -nan 0.000000 0.000000
Min Energies: 7258.267366 0.478197 nan 0.000000 0.000000
Min Energies: 126.216260 4.107168 -nan 0.000000 0.000000
Min Energies: 0.113017 0.017925 0.841757 0.000000 0.000000
Min Energies: 0.041196 0.013863 -0.573873 0.000000 0.000000
Min Energies: 0.041499 0.013840 -0.566791 0.000000 0.000000
Min Energies: 0.041499 0.013840 -0.566791 0.000000 0.000000
Min Energies: 37008.423043 0.310097 nan 0.000000 0.000000
Min Energies: 7632.971636 0.299238 -nan 0.000000 0.000000
Min Energies: 138.549079 2.944581 -nan 0.000000 0.000000
Min Energies: 0.127377 0.018050 3.490905 0.000000 0.000000
Min Energies: 0.041557 0.013872 -0.574791 0.000000 0.000000
Min Energies: 0.041401 0.013840 -0.568297 0.000000 0.000000
Min Energies: 0.041401 0.013840 -0.568297 0.000000 0.000000
Min Energies: 13.324869 1.189488 nan 0.000000 0.000000
Min Energies: 1.023234 0.042450 nan 0.000000 0.000000
Min Energies: 0.053421 0.014886 -0.550537 0.000000 0.000000
Min Energies: 0.040741 0.013816 -0.572680 0.000000 0.000000
Min Energies: 0.040741 0.013816 -0.572680 0.000000 0.000000
Min Energies: 1746.393918 0.822910 -nan 0.000000 0.000000
Min Energies: 210.890076 12.100930 -nan 0.000000 0.000000
Min Energies: 1.133498 0.053775 nan 0.000000 0.000000
Min Energies: 0.044822 0.014206 -0.590128 0.000000 0.000000
Min Energies: 0.040700 0.013816 -0.575185 0.000000 0.000000
Min Energies: 0.040700 0.013816 -0.575185 0.000000 0.000000
Min Energies: 67.613791 18.767131 nan 0.000000 0.000000
Min Energies: 4.293770 0.333150 nan 0.000000 0.000000
Min Energies: 0.102876 0.018156 -0.488093 0.000000 0.000000
Min Energies: 0.040977 0.013850 -0.581855 0.000000 0.000000
Min Energies: 0.040977 0.013850 -0.581855 0.000000 0.000000
Min Energies: 0.830967 1.968468 nan 0.000000 0.000000
Min Energies: 0.087679 0.024155 nan 0.000000 0.000000
Min Energies: 0.029547 0.014300 -0.599120 0.000000 0.000000
Min Energies: 0.029547 0.014300 -0.599120 0.000000 0.000000
Min Energies: 67.995274 29.812922 nan 0.000000 0.000000
Min Energies: 4.715740 0.457014 nan 0.000000 0.000000
Min Energies: 0.121110 0.023169 0.639122 0.000000 0.000000
Min Energies: 0.027061 0.014611 -0.605757 0.000000 0.000000
Min Energies: 0.027061 0.014611 -0.605757 0.000000 0.000000
Min Energies: 1511.724123 12.329285 nan 0.000000 0.000000
Min Energies: 186.676728 4.054128 nan 0.000000 0.000000
Min Energies: 0.601608 0.950120 nan 0.000000 0.000000
Min Energies: 0.025601 0.016057 -0.622939 0.000000 0.000000
Min Energies: 0.025232 0.015093 -0.613290 0.000000 0.000000
Min Energies: 0.025232 0.015093 -0.613290 0.000000 0.000000
Min Energies: 562.486315 36.987743 nan 0.000000 0.000000
Min Energies: 52.154461 6.189109 nan 0.000000 0.000000
Min Energies: 0.244362 0.050549 1506546768982885438841573780077150208.000000 0.000000 0.000000
Min Energies: 0.021113 0.016123 -0.622911 0.000000 0.000000
Min Energies: 0.021113 0.016123 -0.622911 0.000000 0.000000
Min Energies: 6352.698005 46.498703 nan 0.000000 0.000000
Min Energies: 1092.443869 11.989917 nan 0.000000 0.000000
Min Energies: 6.865218 2.461704 -nan 0.000000 0.000000
Min Energies: 0.028684 0.021861 -0.648498 0.000000 0.000000
Min Energies: 0.018874 0.017594 -0.633411 0.000000 0.000000
Min Energies: 0.018874 0.017594 -0.633411 0.000000 0.000000
Min Energies: 1963.160335 36.579823 -nan 0.000000 0.000000
Min Energies: 269.607986 8.331284 nan 0.000000 0.000000
Min Energies: 1.000219 0.627345 -nan 0.000000 0.000000
Min Energies: 0.028053 0.021422 -0.647922 0.000000 0.000000
Min Energies: 0.019157 0.018071 -0.636047 0.000000 0.000000
Min Energies: 0.019157 0.018071 -0.636047 0.000000 0.000000
Min Energies: 10957.779437 8.721224 nan 0.000000 0.000000
Min Energies: 2069.240358 67.840590 nan 0.000000 0.000000
Min Energies: 23.382176 11.834377 nan 0.000000 0.000000
Min Energies: 0.061401 0.028310 -0.634471 0.000000 0.000000
Min Energies: 0.020182 0.018810 -0.639678 0.000000 0.000000
Min Energies: 0.020182 0.018810 -0.639678 0.000000 0.000000
Min Energies: 0.630537 1.431472 nan 0.000000 0.000000
Min Energies: 0.088133 0.058673 50.253064 0.000000 0.000000
Min Energies: 0.012401 0.020101 -0.648164 0.000000 0.000000
Min Energies: 0.012401 0.020101 -0.648164 0.000000 0.000000
Min Energies: 1.560932 0.837799 nan 0.000000 0.000000
Min Energies: 0.164055 0.052641 56024.935670 0.000000 0.000000
Min Energies: 0.008663 0.021275 -0.657963 0.000000 0.000000
Min Energies: 0.008663 0.021275 -0.657963 0.000000 0.000000
Min Energies: 0.254006 0.238445 nan 0.000000 0.000000
Min Energies: 0.026899 0.045758 95893.300615 0.000000 0.000000
Min Energies: 0.006947 0.022471 -0.664860 0.000000 0.000000
Min Energies: 0.006947 0.022471 -0.664860 0.000000 0.000000
Min Energies: 0.192134 0.179205 nan 0.000000 0.000000
Min Energies: 0.025631 0.043827 93680.406646 0.000000 0.000000
Min Energies: 0.006394 0.023578 -0.671776 0.000000 0.000000
Min Energies: 0.006394 0.023578 -0.671776 0.000000 0.000000
Min Energies: 0.553147 0.501967 -nan 0.000000 0.000000
Min Energies: 0.065622 0.055480 1020572137799295744.000000 0.000000 0.000000
Min Energies: 0.006171 0.025032 -0.678707 0.000000 0.000000
Min Energies: 0.006171 0.025032 -0.678707 0.000000 0.000000
Min Energies: 0.450662 0.544325 111681704902480855947656334827785047742831656960.000000 0.000000 0.000000
Min Energies: 0.004942 0.027883 -0.690415 0.000000 0.000000
Min Energies: 0.004942 0.027883 -0.690415 0.000000 0.000000
Min Energies: 0.052413 0.085574 23682.030949 0.000000 0.000000
Min Energies: 0.004154 0.029981 -0.696833 0.000000 0.000000
Min Energies: 0.004154 0.029981 -0.696833 0.000000 0.000000
Min Energies: 0.122673 0.087021 2576688997216304258298842972160.000000 0.000000 0.000000
Min Energies: 0.004057 0.032251 -0.702187 0.000000 0.000000
Min Energies: 0.004057 0.032251 -0.702187 0.000000 0.000000
Min Energies: 0.009566 0.049216 -0.721875 0.000000 0.000000
Min Energies: 0.003913 0.038444 -0.716267 0.000000 0.000000
Min Energies: 0.003913 0.038444 -0.716267 0.000000 0.000000
Min Energies: 0.037133 0.052176 -0.703466 0.000000 0.000000
Min Energies: 0.002908 0.039052 -0.717302 0.000000 0.000000
Min Energies: 0.002908 0.039052 -0.717302 0.000000 0.000000
Min Energies: 0.018376 0.052109 -0.723720 0.000000 0.000000
Min Energies: 0.001669 0.040511 -0.720180 0.000000 0.000000
Min Energies: 0.001669 0.040511 -0.720180 0.000000 0.000000
Min Energies: 0.484589 0.174936 nan 0.000000 0.000000
Min Energies: 0.079638 0.065550 5.954325 0.000000 0.000000
Min Energies: 0.001824 0.041879 -0.723347 0.000000 0.000000
Min Energies: 0.001824 0.041879 -0.723347 0.000000 0.000000
Min Energies: 0.028253 0.047955 -0.734571 0.000000 0.000000
Min Energies: 0.003523 0.042691 -0.727869 0.000000 0.000000
Min Energies: 0.003523 0.042691 -0.727869 0.000000 0.000000
Min Energies: 0.143512 0.086803 nan 0.000000 0.000000
Min Energies: 0.027808 0.046997 -0.285913 0.000000 0.000000
Min Energies: 0.003613 0.042769 -0.729960 0.000000 0.000000
Min Energies: 0.003613 0.042769 -0.729960 0.000000 0.000000
Min Energies: 0.031871 0.048650 2.121607 0.000000 0.000000
Min Energies: 0.004116 0.042627 -0.732807 0.000000 0.000000
Min Energies: 0.004116 0.042627 -0.732807 0.000000 0.000000
Min Energies: 0.020436 0.051445 0.389025 0.000000 0.000000
Min Energies: 0.004105 0.042683 -0.735348 0.000000 0.000000
Min Energies: 0.004105 0.042683 -0.735348 0.000000 0.000000
Min Energies: 0.038289 0.055281 -0.443732 0.000000 0.000000
Min Energies: 0.004324 0.042710 -0.738299 0.000000 0.000000
Min Energies: 0.004324 0.042710 -0.738299 0.000000 0.000000
Min Energies: 0.068146 0.065791 2650827651582919141548196001480704.000000 0.000000 0.000000
Min Energies: 0.004808 0.042961 -0.741983 0.000000 0.000000
Min Energies: 0.004808 0.042961 -0.741983 0.000000 0.000000
Min Energies: 0.064485 0.066990 nan 0.000000 0.000000
Min Energies: 0.012754 0.048396 -0.704589 0.000000 0.000000
Min Energies: 0.004906 0.043106 -0.744274 0.000000 0.000000
Min Energies: 0.004906 0.043106 -0.744274 0.000000 0.000000
Min Energies: 0.105298 0.074500 nan 0.000000 0.000000
Min Energies: 0.020318 0.051077 -0.535244 0.000000 0.000000
Min Energies: 0.005058 0.043449 -0.746126 0.000000 0.000000
Min Energies: 0.005058 0.043449 -0.746126 0.000000 0.000000
Min Energies: 1.238776 0.180701 7226205307802791062801020354560.000000 0.000000 0.000000
Min Energies: 0.006965 0.045157 -0.750724 0.000000 0.000000
Min Energies: 0.005183 0.043639 -0.747772 0.000000 0.000000
Min Energies: 0.005183 0.043639 -0.747772 0.000000 0.000000
Min Energies: 0.092671 0.169155 -nan 0.000000 0.000000
Min Energies: 0.015808 0.055554 0.483107 0.000000 0.000000
Min Energies: 0.005001 0.044003 -0.749499 0.000000 0.000000
Min Energies: 0.005001 0.044003 -0.749499 0.000000 0.000000
Min Energies: 0.007599 0.045571 -0.671411 0.000000 0.000000
Min Energies: 0.004421 0.043964 -0.750331 0.000000 0.000000
Min Energies: 0.004421 0.043964 -0.750331 0.000000 0.000000
Min Energies: 0.030087 0.048258 23.137105 0.000000 0.000000
Min Energies: 0.004344 0.044119 -0.751974 0.000000 0.000000
Min Energies: 0.004344 0.044119 -0.751974 0.000000 0.000000
Min Energies: 0.010484 0.040630 -0.757911 0.000000 0.000000
Min Energies: 0.007725 0.035970 -0.752656 0.000000 0.000000
Min Energies: 0.005516 0.037228 -0.750459 0.000000 0.000000
Min Energies: 0.004884 0.036110 -0.753390 0.000000 0.000000
Min Energies: 0.004884 0.036110 -0.753390 0.000000 0.000000
Min Energies: 0.004194 0.032397 -0.751890 0.000000 0.000000
Min Energies: 0.003289 0.035418 -0.753546 0.000000 0.000000
Min Energies: 0.003289 0.035418 -0.753546 0.000000 0.000000
Min Energies: 0.051397 0.030059 810.642931 0.000000 0.000000
Min Energies: 0.002253 0.034543 -0.754820 0.000000 0.000000
Min Energies: 0.002253 0.034543 -0.754820 0.000000 0.000000
Min Energies: 0.041863 0.033897 53.187880 0.000000 0.000000
Min Energies: 0.002630 0.034211 -0.756592 0.000000 0.000000
Min Energies: 0.002630 0.034211 -0.756592 0.000000 0.000000
Min Energies: 0.028729 0.036076 0.041627 0.000000 0.000000
Min Energies: 0.003520 0.034337 -0.758073 0.000000 0.000000
Min Energies: 0.003520 0.034337 -0.758073 0.000000 0.000000
Min Energies: 0.009862 0.035036 -0.759562 0.000000 0.000000
Min Energies: 0.004575 0.034527 -0.760537 0.000000 0.000000
Min Energies: 0.004575 0.034527 -0.760537 0.000000 0.000000
Min Energies: 0.034432 0.035653 -0.771131 0.000000 0.000000
Min Energies: 0.007221 0.034521 -0.763706 0.000000 0.000000
Min Energies: 0.007221 0.034521 -0.763706 0.000000 0.000000
Min Energies: 0.030084 0.036501 -0.780439 0.000000 0.000000
Min Energies: 0.010838 0.034760 -0.769243 0.000000 0.000000
Min Energies: 0.010838 0.034760 -0.769243 0.000000 0.000000
Min Energies: 0.059125 0.038981 -0.750672 0.000000 0.000000
Min Energies: 0.012051 0.034840 -0.771946 0.000000 0.000000
Min Energies: 0.012051 0.034840 -0.771946 0.000000 0.000000
Min Energies: 0.040752 0.040404 -0.796926 0.000000 0.000000
Min Energies: 0.016124 0.036029 -0.779789 0.000000 0.000000
Min Energies: 0.016124 0.036029 -0.779789 0.000000 0.000000
Min Energies: 0.425638 0.058410 67450275651358798837641010926252772718851263561728.000000 0.000000 0.000000
Min Energies: 0.020923 0.037119 -0.786834 0.000000 0.000000
Min Energies: 0.017426 0.036351 -0.782091 0.000000 0.000000
Min Energies: 0.017426 0.036351 -0.782091 0.000000 0.000000
Min Energies: 0.756882 0.079010 nan 0.000000 0.000000
Min Energies: 0.117538 0.049740 14797.065366 0.000000 0.000000
Min Energies: 0.019337 0.037100 -0.786359 0.000000 0.000000
Min Energies: 0.019337 0.037100 -0.786359 0.000000 0.000000
Min Energies: 1.242612 0.097647 nan 0.000000 0.000000
Min Energies: 0.168377 0.053713 -nan 0.000000 0.000000
Min Energies: 0.026726 0.039470 -0.797061 0.000000 0.000000
Min Energies: 0.020608 0.037694 -0.790091 0.000000 0.000000
Min Energies: 0.020608 0.037694 -0.790091 0.000000 0.000000
Min Energies: 1.201279 0.098897 nan 0.000000 0.000000
Min Energies: 0.170753 0.056183 -nan 0.000000 0.000000
Min Energies: 0.028958 0.040708 -0.797337 0.000000 0.000000
Min Energies: 0.022027 0.038435 -0.793407 0.000000 0.000000
Min Energies: 0.022027 0.038435 -0.793407 0.000000 0.000000
Min Energies: 0.120735 0.058382 -nan 0.000000 0.000000
Min Energies: 0.041654 0.045666 7.869405 0.000000 0.000000
Min Energies: 0.022412 0.038908 -0.796324 0.000000 0.000000
Min Energies: 0.022412 0.038908 -0.796324 0.000000 0.000000
Min Energies: 0.026011 0.046548 39204533.333141 0.000000 0.000000
Min Energies: 0.017993 0.039302 -0.797846 0.000000 0.000000
Min Energies: 0.017993 0.039302 -0.797846 0.000000 0.000000
Min Energies: 0.042977 0.042859 -0.805979 0.000000 0.000000
Min Energies: 0.015866 0.039780 -0.802406 0.000000 0.000000
Min Energies: 0.015866 0.039780 -0.802406 0.000000 0.000000
Min Energies: 0.009043 0.044514 -0.810884 0.000000 0.000000
Min Energies: 0.013219 0.040250 -0.804010 0.000000 0.000000
Min Energies: 0.013219 0.040250 -0.804010 0.000000 0.000000
Min Energies: 0.020342 0.054844 1.011044 0.000000 0.000000
Min Energies: 0.010791 0.040809 -0.805792 0.000000 0.000000
Min Energies: 0.010791 0.040809 -0.805792 0.000000 0.000000
Min Energies: 0.005611 0.047792 -0.805851 0.000000 0.000000
Min Energies: 0.008019 0.041479 -0.807415 0.000000 0.000000
Min Energies: 0.008019 0.041479 -0.807415 0.000000 0.000000
Min Energies: 0.290657 0.644915 nan 0.000000 0.000000
Min Energies: 0.054729 0.060242 172649.943311 0.000000 0.000000
Min Energies: 0.008411 0.042490 -0.810025 0.000000 0.000000
Min Energies: 0.008411 0.042490 -0.810025 0.000000 0.000000
Min Energies: 0.005194 0.041853 -0.810829 0.000000 0.000000
Min Energies: 0.005496 0.041807 -0.811189 0.000000 0.000000
Min Energies: 0.005496 0.041807 -0.811189 0.000000 0.000000
Min Energies: 0.003355 0.046743 -0.811819 0.000000 0.000000
Min Energies: 0.003960 0.042798 -0.812624 0.000000 0.000000
Min Energies: 0.003960 0.042798 -0.812624 0.000000 0.000000
Min Energies: 0.004989 0.044308 -0.814645 0.000000 0.000000
Min Energies: 0.004018 0.043404 -0.814055 0.000000 0.000000
Min Energies: 0.004018 0.043404 -0.814055 0.000000 0.000000
Min Energies: 0.001713 0.044993 -0.815597 0.000000 0.000000
Min Energies: 0.002529 0.043300 -0.814925 0.000000 0.000000
Min Energies: 0.001652 0.044486 -0.815579 0.000000 0.000000
Min Energies: 0.001652 0.044486 -0.815579 0.000000 0.000000
Min Energies: 0.004104 0.044600 -0.817626 0.000000 0.000000
Min Energies: 0.002196 0.044524 -0.816677 0.000000 0.000000
Min Energies: 0.002196 0.044524 -0.816677 0.000000 0.000000
Min Energies: 0.005355 0.043980 -0.818564 0.000000 0.000000
Min Energies: 0.002860 0.044331 -0.817348 0.000000 0.000000
Min Energies: 0.002860 0.044331 -0.817348 0.000000 0.000000
Min Energies: 0.005057 0.043154 -0.818039 0.000000 0.000000
Min Energies: 0.003150 0.043927 -0.817835 0.000000 0.000000
Min Energies: 0.003150 0.043927 -0.817835 0.000000 0.000000
Min Energies: 0.004624 0.042905 -0.816709 0.000000 0.000000
Min Energies: 0.003223 0.043592 -0.818039 0.000000 0.000000
Min Energies: 0.003223 0.043592 -0.818039 0.000000 0.000000
Min Energies: 0.003325 0.042521 -0.818152 0.000000 0.000000
Min Energies: 0.002746 0.044083 -0.821097 0.000000 0.000000
Min Energies: 0.004758 0.047222 -0.825962 0.000000 0.000000
Min Energies: 0.003162 0.045251 -0.823538 0.000000 0.000000
Min Energies: 0.003162 0.045251 -0.823538 0.000000 0.000000
Min Energies: 0.002268 0.045029 -0.823313 0.000000 0.000000
Min Energies: 0.005070 0.048615 -0.827218 0.000000 0.000000
Min Energies: 0.002333 0.045222 -0.823839 0.000000 0.000000
Min Energies: 0.002333 0.045222 -0.823839 0.000000 0.000000
Min Energies: 0.144229 0.759013 1.747620 0.000000 0.000000
Min Energies: 0.002881 0.045855 -0.825172 0.000000 0.000000
Min Energies: 0.002362 0.045273 -0.824010 0.000000 0.000000
Min Energies: 0.002362 0.045273 -0.824010 0.000000 0.000000
Min Energies: 0.002546 0.044632 -0.823962 0.000000 0.000000
Min Energies: 0.002513 0.044539 -0.824108 0.000000 0.000000
Min Energies: 0.004038 0.045308 -0.826182 0.000000 0.000000
Min Energies: 0.002857 0.044766 -0.824820 0.000000 0.000000
Min Energies: 0.002857 0.044766 -0.824820 0.000000 0.000000
Min Energies: 0.003782 0.045021 -0.826182 0.000000 0.000000
Min Energies: 0.003140 0.045154 -0.826598 0.000000 0.000000
Min Energies: 0.002815 0.043623 -0.825671 0.000000 0.000000
Min Energies: 0.186927 26.613607 -0.099852 0.000000 0.000000
Min Energies: 0.003047 0.043894 -0.826384 0.000000 0.000000
Min Energies: 0.002818 0.043641 -0.825747 0.000000 0.000000
Min Energies: 0.002818 0.043641 -0.825747 0.000000 0.000000
Min Energies: 0.040540 1.186281 -0.001907 0.000000 0.000000
Min Energies: 0.002736 0.044009 -0.826414 0.000000 0.000000
Min Energies: 0.002798 0.043668 -0.825823 0.000000 0.000000
Min Energies: 0.002798 0.043668 -0.825823 0.000000 0.000000
Min Energies: 0.003309 0.043093 -0.824764 0.000000 0.000000
Min Energies: 0.002729 0.043329 -0.825904 0.000000 0.000000
Min Energies: 0.002729 0.043329 -0.825904 0.000000 0.000000
Min Energies: 0.004425 0.123192 -0.826619 0.000000 0.000000
Min Energies: 0.002718 0.043248 -0.826049 0.000000 0.000000
Min Energies: 0.002718 0.043248 -0.826049 0.000000 0.000000
Min Energies: 0.135473 2.442433 -0.817771 0.000000 0.000000
Min Energies: 0.002781 0.043031 -0.826447 0.000000 0.000000
Min Energies: 0.002781 0.043031 -0.826447 0.000000 0.000000
Min Energies: 0.026166 21.146370 -0.827500 0.000000 0.000000
Min Energies: 0.002683 0.042923 -0.826769 0.000000 0.000000
Min Energies: 0.002683 0.042923 -0.826769 0.000000 0.000000
Min Energies: 0.016964 1.459377 -0.823292 0.000000 0.000000
Min Energies: 0.002271 0.042709 -0.826891 0.000000 0.000000
Min Energies: 0.002271 0.042709 -0.826891 0.000000 0.000000
Min Energies: 0.003760 0.168693 -0.826909 0.000000 0.000000
Min Energies: 0.002211 0.042601 -0.826934 0.000000 0.000000
Min Energies: 0.002211 0.042601 -0.826934 0.000000 0.000000
Min Energies: 0.002991 0.145381 -0.827220 0.000000 0.000000
Min Energies: 0.002188 0.042474 -0.826967 0.000000 0.000000
Min Energies: 0.002188 0.042474 -0.826967 0.000000 0.000000
Min Energies: 0.074496 8.433575 -0.828886 0.000000 0.000000
Min Energies: 0.002529 0.045780 -0.827194 0.000000 0.000000
Min Energies: 0.002213 0.042470 -0.826991 0.000000 0.000000
Min Energies: 0.002213 0.042470 -0.826991 0.000000 0.000000
Min Energies: 3.716805 1.985483 38.128509 0.000000 0.000000
Min Energies: 0.003783 1.286522 -0.827597 0.000000 0.000000
Min Energies: 0.002286 0.042565 -0.827063 0.000000 0.000000
Min Energies: 0.002233 0.042477 -0.827013 0.000000 0.000000
Min Energies: 0.002220 0.042471 -0.826999 0.000000 0.000000
Min Energies: 0.002215 0.042470 -0.826993 0.000000 0.000000
Min Energies: 0.002213 0.042470 -0.826991 0.000000 0.000000
Min Energies: 0.002213 0.042470 -0.826991 0.000000 0.000000
Min Energies: 0.002213 0.042470 -0.826991 0.000000 0.000000
Min Energies: 0.002213 0.042470 -0.826991 0.000000 0.000000
Min Energies: 0.002213 0.042470 -0.826991 0.000000 0.000000
Min Energies: 0.002213 0.042470 -0.826991 0.000000 0.000000
found minimum at -0.3721475815
1 0.308804 0.000001 -0.373110 0.000000 0.000000
2 3.641558 0.000001 -0.372194 0.000000 0.000000
3 16.190327 0.000003 -0.366562 0.000000 0.000000
4 60.576474 0.000012 -0.349825 0.000000 0.000000
