EPSREL: 3.162278e-01 NEVAL 11115 FRel_error: 6.56674372495923207131152121718287e-05 Time (ns): 40541818
EPSREL: 1.000000e-01 NEVAL 15145 FRel_error: 9.55020018774015263241764124579891e-07 Time (ns): 47739884
EPSREL: 3.162278e-02 NEVAL 17485 FRel_error: 8.71645482049238206179555318170449e-07 Time (ns): 50441451
EPSREL: 1.000000e-02 NEVAL 20475 FRel_error: 9.36066558837007728322791161312821e-07 Time (ns): 55526614
EPSREL: 3.162278e-03 NEVAL 24635 FRel_error: 1.08802991978931104650703872577244e-06 Time (ns): 62925314
EPSREL: 1.000000e-03 NEVAL 28145 FRel_error: 8.23692391245083878349427051329679e-07 Time (ns): 55813789
EPSREL: 3.162278e-04 NEVAL 31265 FRel_error: 4.78635235278438486518515638645094e-08 Time (ns): 75485308
EPSREL: 1.000000e-04 NEVAL 33865 FRel_error: 2.30138109883948763156980210013280e-09 Time (ns): 77826024
EPSREL: 3.162278e-05 NEVAL 39195 FRel_error: 1.98335091847981878681508482629384e-09 Time (ns): 71158976
EPSREL: 1.000000e-05 NEVAL 47385 FRel_error: 1.17529550247150614894763674526425e-09 Time (ns): 94701669
EPSREL: 3.162278e-06 NEVAL 57785 FRel_error: 1.83102561535811997962347320648960e-10 Time (ns): 112352367
EPSREL: 1.000000e-06 NEVAL 71565 FRel_error: 1.00807071402789881207886337286260e-10 Time (ns): 109219175
EPSREL: 3.162278e-07 NEVAL 82875 FRel_error: 7.08257021164450870952768469944385e-11 Time (ns): 125747875
EPSREL: 1.000000e-07 NEVAL 96005 FRel_error: 6.60591287814708832345531642633502e-12 Time (ns): 166211838
EPSREL: 3.162278e-08 NEVAL 111605 FRel_error: 1.17974800724683923029668080983091e-12 Time (ns): 162700394
EPSREL: 1.000000e-08 NEVAL 132275 FRel_error: 1.08339546613754735664479295987670e-12 Time (ns): 202275563
EPSREL: 3.162278e-09 NEVAL 154895 FRel_error: 3.38071328774003643409874906732956e-14 Time (ns): 214187761
EPSREL: 1.000000e-09 NEVAL 184015 FRel_error: 9.76472048678826775100151198758781e-15 Time (ns): 247634376
EPSREL: 3.162278e-10 NEVAL 217685 FRel_error: 3.21943812865368940206528699100098e-15 Time (ns): 317748196
EPSREL: 1.000000e-10 NEVAL 257725 FRel_error: 1.64800294050664416143009881705411e-15 Time (ns): 409266932
EPSREL: 3.162278e-11 NEVAL 349895 FRel_error: 3.72531378231921525937341552463573e-16 Time (ns): 422992746
EPSREL: 1.000000e-11 NEVAL 1220765 FRel_error: 3.63622211534787046438906701667992e-16 Time (ns): 1692549540
EPSREL: 3.162278e-12 NEVAL 9795825 FRel_error: 3.63435320084416892489437369224668e-16 Time (ns): 19725531512
EPSREL: 1.000000e-12 NEVAL 50000015 FRel_error: 3.63472706062202021073501251702655e-16 Time (ns): 540519702362
EPSREL: 3.162278e-13 NEVAL 50000015 FRel_error: 3.63472706062202021073501251702655e-16 Time (ns): 595428792377
EPSREL: 1.000000e-13 NEVAL 50000015 FRel_error: 3.63472706062202021073501251702655e-16 Time (ns): 576899200139
EPSREL: 3.162278e-14 NEVAL 50000015 FRel_error: 3.63472706062202021073501251702655e-16 Time (ns): 606832088519
EPSREL: 1.000000e-14 NEVAL 50000015 FRel_error: 3.63472706062202021073501251702655e-16 Time (ns): 590977006615
EPSREL: 3.162278e-15 NEVAL 50000015 FRel_error: 3.63472706062202021073501251702655e-16 Time (ns): 577217265905
EPSREL: 1.000000e-15 NEVAL 50000015 FRel_error: 3.63472706062202021073501251702655e-16 Time (ns): 590954470132
EPSREL: 3.162278e-16 NEVAL 50000015 FRel_error: 3.63472706062202021073501251702655e-16 Time (ns): 588260736781
EPSREL: 1.000000e-16 NEVAL 50000015 FRel_error: 3.63472706062202021073501251702655e-16 Time (ns): 533983209037
EPSREL: 3.162278e-17 NEVAL 50000015 FRel_error: 3.63472706062202021073501251702655e-16 Time (ns): 595894179906
EPSREL: 1.000000e-17 NEVAL 50000015 FRel_error: 3.63472706062202021073501251702655e-16 Time (ns): 567827519532
EPSREL: 3.162278e-18 NEVAL 50000015 FRel_error: 3.63472706062202021073501251702655e-16 Time (ns): 584167527194
EPSREL: 1.000000e-18 NEVAL 50000015 FRel_error: 3.63472706062202021073501251702655e-16 Time (ns): 587029934922
EPSREL: 3.162278e-19 NEVAL 50000015 FRel_error: 3.63472706062202021073501251702655e-16 Time (ns): 550776762311
EPSREL: 1.000000e-19 NEVAL 50000015 FRel_error: 3.63472706062202021073501251702655e-16 Time (ns): 633406797029
EPSREL: 3.162278e-20 NEVAL 50000015 FRel_error: 3.63472706062202021073501251702655e-16 Time (ns): 586367433462
EPSREL: 1.000000e-20 NEVAL 50000015 FRel_error: 3.63472706062202021073501251702655e-16 Time (ns): 574366057692
EPSREL: 3.162278e-21 NEVAL 50000015 FRel_error: 3.63472706062202021073501251702655e-16 Time (ns): 581563279227
EPSREL: 1.000000e-21 NEVAL 50000015 FRel_error: 3.63472706062202021073501251702655e-16 Time (ns): 561390698691
EPSREL: 3.162278e-22 NEVAL 50000015 FRel_error: 3.63472706062202021073501251702655e-16 Time (ns): 583213604029
EPSREL: 1.000000e-22 NEVAL 50000015 FRel_error: 3.63472706062202021073501251702655e-16 Time (ns): 617449108362
EPSREL: 3.162278e-23 NEVAL 50000015 FRel_error: 3.65423901072606794621174376260551e-16 Time (ns): 625542812448
EPSREL: 1.000000e-23 NEVAL 50000015 FRel_error: 3.67438701326764841675984355774558e-16 Time (ns): 657377475513
EPSREL: 3.162278e-24 NEVAL 50000015 FRel_error: 3.07600968588603429083074497719720e-16 Time (ns): 622627413500
EPSREL: 1.000000e-24 NEVAL 50000015 FRel_error: 3.27609132135747146215056476989482e-16 Time (ns): 604169082426
EPSREL: 3.162278e-25 NEVAL 50000015 FRel_error: 1.93095058350629748962896234969158e-16 Time (ns): 658673409273
EPSREL: 1.000000e-25 NEVAL 50000015 FRel_error: 0.00000000000000000000000000000000e+00 Time (ns): 581841490632
